******************************************************************************
                  TI ARM Linker PC v5.0.1                      
******************************************************************************
>> Linked Thu Apr 02 22:29:06 2015

OUTPUT FILE NAME:   <pdlib_nrf24l01_tx.out>
ENTRY POINT SYMBOL: "_c_int00"  address: 00001645


MEMORY CONFIGURATION

         name            origin    length      used     unused   attr    fill
----------------------  --------  ---------  --------  --------  ----  --------
  FLASH                 00000000   00040000  00001a70  0003e590  R  X
  SRAM                  20000000   00008000  00000296  00007d6a  RW X


SEGMENT ALLOCATION MAP

run origin  load origin   length   init length attrs members
----------  ----------- ---------- ----------- ----- -------
00000000    00000000    00001a78   00001a78    r-x
  00000000    00000000    0000026c   0000026c    r-- .intvecs
  0000026c    0000026c    000015c2   000015c2    r-x .text
  00001830    00001830    00000202   00000202    r-- .const
  00001a38    00001a38    00000040   00000040    r-- .cinit
20000000    20000000    0000027c   00000000    rw-
  20000000    20000000    00000111   00000000    rw- .bss
  20000114    20000114    00000100   00000000    rw- .stack
  20000218    20000218    00000064   00000000    rw- .sysmem
2000027c    2000027c    00000021   00000021    rw-
  2000027c    2000027c    00000021   00000021    rw- .data


SECTION ALLOCATION MAP

 output                                  attributes/
section   page    origin      length       input sections
--------  ----  ----------  ----------   ----------------
.intvecs   0    00000000    0000026c     
                  00000000    0000026c     startup_ccs.obj (.intvecs)

.text      0    0000026c    000015c2     
                  0000026c    000007c4     pdlib_nrf24l01.obj (.text)
                  00000a30    000003d8     rtsv7M4_T_le_v4SPD16_eabi.lib : memory.obj (.text)
                  00000e08    000001d8     driverlib-cm4f.lib : sysctl.obj (.text:SysCtlClockGet)
                  00000fe0    00000190     pdlib_spi.obj (.text)
                  00001170    00000104     uart_debug.obj (.text)
                  00001274    000000d8     main.obj (.text)
                  0000134c    000000c8     driverlib-cm4f.lib : gpio.obj (.text:GPIOPadConfigSet)
                  00001414    0000009c     rtsv7M4_T_le_v4SPD16_eabi.lib : memcpy_t2.obj (.text)
                  000014b0    00000094                                   : auto_init.obj (.text)
                  00001544    0000005e                                   : copy_decompress_rle.obj (.text)
                  000015a2    00000002     --HOLE-- [fill = 0]
                  000015a4    00000058     driverlib-cm4f.lib : sysctl.obj (.text:SysCtlPeripheralEnable)
                  000015fc    00000048                        : gpio.obj (.text:GPIOPinConfigure)
                  00001644    00000048     rtsv7M4_T_le_v4SPD16_eabi.lib : boot.obj (.text)
                  0000168c    00000044                                   : cpy_tbl.obj (.text)
                  000016d0    00000042     driverlib-cm4f.lib : uart.obj (.text:UARTConfigSetExpClk)
                  00001712    00000002     --HOLE-- [fill = 0]
                  00001714    00000040     rtsv7M4_T_le_v4SPD16_eabi.lib : exit.obj (.text)
                  00001754    0000002e     driverlib-cm4f.lib : gpio.obj (.text:GPIODirModeSet)
                  00001782    00000002     --HOLE-- [fill = 0]
                  00001784    0000001c                        : uart.obj (.text:UARTDisable)
                  000017a0    00000018     rtsv7M4_T_le_v4SPD16_eabi.lib : args_main.obj (.text)
                  000017b8    00000014     driverlib-cm4f.lib : uart.obj (.text:UARTEnable)
                  000017cc    00000014     rtsv7M4_T_le_v4SPD16_eabi.lib : _lock.obj (.text)
                  000017e0    00000012     driverlib-cm4f.lib : gpio.obj (.text:GPIOPinTypeUART)
                  000017f2    00000012     rtsv7M4_T_le_v4SPD16_eabi.lib : copy_zero_init.obj (.text:decompress:ZI)
                  00001804    0000000e                                   : copy_decompress_none.obj (.text:decompress:none)
                  00001812    0000000c     startup_ccs.obj (.text)
                  0000181e    0000000a     driverlib-cm4f.lib : uart.obj (.text:UARTCharPut)
                  00001828    00000006     rtsv7M4_T_le_v4SPD16_eabi.lib : copy_decompress_rle.obj (.text:decompress:rle24)

.const     0    00001830    00000202     
                  00001830    0000008c     pdlib_spi.obj (.const:g_GPIOConfigure)
                  000018bc    00000078     driverlib-cm4f.lib : gpio.obj (.const:g_pulGPIOBaseAddrs)
                  00001934    0000006c                        : sysctl.obj (.const:g_pulXtals)
                  000019a0    00000040                        : sysctl.obj (.const)
                  000019e0    00000028     pdlib_spi.obj (.const:g_SSIModule)
                  00001a08    0000001d     main.obj (.const:.string)
                  00001a25    00000003     --HOLE-- [fill = 0]
                  00001a28    0000000a     pdlib_nrf24l01.obj (.const:.string)

.cinit     0    00001a38    00000040     
                  00001a38    0000001c     (.cinit..data.load) [load image, compression = rle]
                  00001a54    0000000c     (__TI_handler_table)
                  00001a60    00000008     (.cinit..bss.load) [load image, compression = zero_init]
                  00001a68    00000010     (__TI_cinit_table)

.bss       0    20000000    00000111     UNINITIALIZED
                  20000000    00000100     pdlib_spi.obj (.bss:g_plRxData)
                  20000100    00000011     pdlib_nrf24l01.obj (.bss)

.stack     0    20000114    00000100     UNINITIALIZED
                  20000114    00000100     --HOLE--

.sysmem    0    20000218    00000064     UNINITIALIZED
                  20000218    00000008     rtsv7M4_T_le_v4SPD16_eabi.lib : memory.obj (.sysmem)
                  20000220    0000005c     --HOLE--

.data      0    2000027c    00000021     
                  2000027c    0000000c     rtsv7M4_T_le_v4SPD16_eabi.lib : memory.obj (.data)
                  20000288    00000008                                   : _lock.obj (.data)
                  20000290    00000008                                   : exit.obj (.data)
                  20000298    00000004                                   : stkdepth_vars.obj (.data)
                  2000029c    00000001     pdlib_spi.obj (.data)


LINKER GENERATED COPY TABLES

__TI_cinit_table @ 00001a68 records: 2, size/record: 8, table size: 16
	.data: load addr=00001a38, load size=0000001c bytes, run addr=2000027c, run size=00000021 bytes, compression=rle
	.bss: load addr=00001a60, load size=00000008 bytes, run addr=20000000, run size=00000111 bytes, compression=zero_init


LINKER GENERATED HANDLER TABLE

__TI_handler_table @ 00001a54 records: 3, size/record: 4, table size: 12
	index: 0, handler: __TI_decompress_rle24
	index: 1, handler: __TI_decompress_none
	index: 2, handler: __TI_zero_init


GLOBAL SYMBOLS: SORTED ALPHABETICALLY BY Name 

address    name
--------   ----
00001715   C$$EXIT
00001755   GPIODirModeSet
0000134d   GPIOPadConfigSet
000015fd   GPIOPinConfigure
000017e1   GPIOPinTypeUART
000011f7   InitUARTDebug
0000073f   NRF24L01_AttemptTx
000009b3   NRF24L01_CarrierDetect
00000705   NRF24L01_DisableTxMode
0000035b   NRF24L01_EnableRxMode
000006d1   NRF24L01_EnableTxMode
00000795   NRF24L01_FlushRX
00000781   NRF24L01_FlushTX
0000093d   NRF24L01_GetData
00000921   NRF24L01_GetRxDataAmount
000002bb   NRF24L01_GetStatus
000008bb   NRF24L01_Init
00000389   NRF24L01_IsDataReadyRx
000008ad   NRF24L01_IsTxFifoEmpty
00000485   NRF24L01_IsTxFifoFull
00000725   NRF24L01_PowerDown
0000032f   NRF24L01_PowerUp
000008a3   NRF24L01_ReadRxPayload
000007b3   NRF24L01_RegisterInit
00000299   NRF24L01_RegisterRead_8
000003f5   NRF24L01_RegisterRead_Multi
00000303   NRF24L01_RegisterWrite_8
00000423   NRF24L01_RegisterWrite_Multi
00000493   NRF24L01_SendCommand
0000075f   NRF24L01_SendData
0000076d   NRF24L01_SendDataTo
000006a3   NRF24L01_SendRcvCommand
00000667   NRF24L01_SetARC
0000063d   NRF24L01_SetARD
00000625   NRF24L01_SetAddressWidth
000005ff   NRF24L01_SetAirDataRate
000005e1   NRF24L01_SetLNAGain
00000561   NRF24L01_SetPAGain
00000559   NRF24L01_SetRFChannel
0000054b   NRF24L01_SetRXPacketSize
00000463   NRF24L01_SetRxAddress
00000541   NRF24L01_SetTXAddress
000004e1   NRF24L01_SetTxPayload
00000515   NRF24L01_SubmitData
000003d1   NRF24L01_WaitForDataRx
000002c9   NRF24L01_WaitForTxComplete
00001187   PrintRegValue
00001171   PrintString
00001813   ResetISR
UNDEFED    SHT$$INIT_ARRAY$$Base
UNDEFED    SHT$$INIT_ARRAY$$Limit
00000e09   SysCtlClockGet
000015a5   SysCtlPeripheralEnable
0000181f   UARTCharPut
000016d1   UARTConfigSetExpClk
00001785   UARTDisable
000017b9   UARTEnable
20000214   __STACK_END
00000100   __STACK_SIZE
20000214   __STACK_TOP
00000064   __SYSMEM_SIZE
00001a68   __TI_CINIT_Base
00001a78   __TI_CINIT_Limit
00001a54   __TI_Handler_Table_Base
00001a60   __TI_Handler_Table_Limit
00000001   __TI_args_main
000014b1   __TI_auto_init
00001805   __TI_decompress_none
00001829   __TI_decompress_rle24
00000000   __TI_static_base__
000017f3   __TI_zero_init
00001415   __aeabi_memcpy
00001415   __aeabi_memcpy4
00001415   __aeabi_memcpy8
ffffffff   __binit__
ffffffff   __c_args__
20000114   __stack
000017a1   _args_main
00001645   _c_int00
20000290   _cleanup_ptr
20000294   _dtors_ptr
20000288   _lock
000017db   _nop
000017d3   _register_lock
000017cd   _register_unlock
20000218   _sys_memory
2000028c   _unlock
00001719   abort
ffffffff   binit
00000dc9   calloc
0000168d   copy_in
00001721   exit
00000b1f   free
00000000   g_pfnVectors
20000000   g_plRxData
00001275   main
20000298   main_func_sp
00000abd   malloc
00000cf3   memalign
00001415   memcpy
00000a31   minit
000010a5   pdlibSPI_ConfigureSPIInterface
00001087   pdlibSPI_ReceiveDataBlocking
0000105d   pdlibSPI_ReceiveDataNonBlocking
00001037   pdlibSPI_SendData
00000fe1   pdlibSPI_TransferByte
00000be9   realloc


GLOBAL SYMBOLS: SORTED BY Symbol Address 

address    name
--------   ----
00000000   __TI_static_base__
00000000   g_pfnVectors
00000001   __TI_args_main
00000064   __SYSMEM_SIZE
00000100   __STACK_SIZE
00000299   NRF24L01_RegisterRead_8
000002bb   NRF24L01_GetStatus
000002c9   NRF24L01_WaitForTxComplete
00000303   NRF24L01_RegisterWrite_8
0000032f   NRF24L01_PowerUp
0000035b   NRF24L01_EnableRxMode
00000389   NRF24L01_IsDataReadyRx
000003d1   NRF24L01_WaitForDataRx
000003f5   NRF24L01_RegisterRead_Multi
00000423   NRF24L01_RegisterWrite_Multi
00000463   NRF24L01_SetRxAddress
00000485   NRF24L01_IsTxFifoFull
00000493   NRF24L01_SendCommand
000004e1   NRF24L01_SetTxPayload
00000515   NRF24L01_SubmitData
00000541   NRF24L01_SetTXAddress
0000054b   NRF24L01_SetRXPacketSize
00000559   NRF24L01_SetRFChannel
00000561   NRF24L01_SetPAGain
000005e1   NRF24L01_SetLNAGain
000005ff   NRF24L01_SetAirDataRate
00000625   NRF24L01_SetAddressWidth
0000063d   NRF24L01_SetARD
00000667   NRF24L01_SetARC
000006a3   NRF24L01_SendRcvCommand
000006d1   NRF24L01_EnableTxMode
00000705   NRF24L01_DisableTxMode
00000725   NRF24L01_PowerDown
0000073f   NRF24L01_AttemptTx
0000075f   NRF24L01_SendData
0000076d   NRF24L01_SendDataTo
00000781   NRF24L01_FlushTX
00000795   NRF24L01_FlushRX
000007b3   NRF24L01_RegisterInit
000008a3   NRF24L01_ReadRxPayload
000008ad   NRF24L01_IsTxFifoEmpty
000008bb   NRF24L01_Init
00000921   NRF24L01_GetRxDataAmount
0000093d   NRF24L01_GetData
000009b3   NRF24L01_CarrierDetect
00000a31   minit
00000abd   malloc
00000b1f   free
00000be9   realloc
00000cf3   memalign
00000dc9   calloc
00000e09   SysCtlClockGet
00000fe1   pdlibSPI_TransferByte
00001037   pdlibSPI_SendData
0000105d   pdlibSPI_ReceiveDataNonBlocking
00001087   pdlibSPI_ReceiveDataBlocking
000010a5   pdlibSPI_ConfigureSPIInterface
00001171   PrintString
00001187   PrintRegValue
000011f7   InitUARTDebug
00001275   main
0000134d   GPIOPadConfigSet
00001415   __aeabi_memcpy
00001415   __aeabi_memcpy4
00001415   __aeabi_memcpy8
00001415   memcpy
000014b1   __TI_auto_init
000015a5   SysCtlPeripheralEnable
000015fd   GPIOPinConfigure
00001645   _c_int00
0000168d   copy_in
000016d1   UARTConfigSetExpClk
00001715   C$$EXIT
00001719   abort
00001721   exit
00001755   GPIODirModeSet
00001785   UARTDisable
000017a1   _args_main
000017b9   UARTEnable
000017cd   _register_unlock
000017d3   _register_lock
000017db   _nop
000017e1   GPIOPinTypeUART
000017f3   __TI_zero_init
00001805   __TI_decompress_none
00001813   ResetISR
0000181f   UARTCharPut
00001829   __TI_decompress_rle24
00001a54   __TI_Handler_Table_Base
00001a60   __TI_Handler_Table_Limit
00001a68   __TI_CINIT_Base
00001a78   __TI_CINIT_Limit
20000000   g_plRxData
20000114   __stack
20000214   __STACK_END
20000214   __STACK_TOP
20000218   _sys_memory
20000288   _lock
2000028c   _unlock
20000290   _cleanup_ptr
20000294   _dtors_ptr
20000298   main_func_sp
ffffffff   __binit__
ffffffff   __c_args__
ffffffff   binit
UNDEFED    SHT$$INIT_ARRAY$$Base
UNDEFED    SHT$$INIT_ARRAY$$Limit

[107 symbols]
