******************************************************************************
                  TI ARM Linker PC v5.0.1                      
******************************************************************************
>> Linked Fri Apr 03 14:37:59 2015

OUTPUT FILE NAME:   <pdlib_nrf24l01_interrupt_tx.out>
ENTRY POINT SYMBOL: "_c_int00"  address: 00001bf9


MEMORY CONFIGURATION

         name            origin    length      used     unused   attr    fill
----------------------  --------  ---------  --------  --------  ----  --------
  FLASH                 00000000   00040000  0000203a  0003dfc6  R  X
  SRAM                  20000000   00008000  00000296  00007d6a  RW X


SEGMENT ALLOCATION MAP

run origin  load origin   length   init length attrs members
----------  ----------- ---------- ----------- ----- -------
00000000    00000000    00002040   00002040    r-x
  00000000    00000000    0000026c   0000026c    r-- .intvecs
  0000026c    0000026c    00001b8c   00001b8c    r-x .text
  00001df8    00001df8    00000202   00000202    r-- .const
  00002000    00002000    00000040   00000040    r-- .cinit
20000000    20000000    0000027c   00000000    rw-
  20000000    20000000    00000111   00000000    rw- .bss
  20000114    20000114    00000100   00000000    rw- .stack
  20000218    20000218    00000064   00000000    rw- .sysmem
2000027c    2000027c    00000021   00000021    rw-
  2000027c    2000027c    00000021   00000021    rw- .data


SECTION ALLOCATION MAP

 output                                  attributes/
section   page    origin      length       input sections
--------  ----  ----------  ----------   ----------------
.intvecs   0    00000000    0000026c     
                  00000000    0000026c     startup_ccs.obj (.intvecs)

.text      0    0000026c    00001b8c     
                  0000026c    00000bc8     pdlib_nrf24l01.obj (.text)
                  00000e34    000003d8     rtsv7M4_T_le_v4SPD16_eabi.lib : memory.obj (.text)
                  0000120c    0000026c     pdlib_spi.obj (.text)
                  00001478    000001d8     driverlib-cm4f.lib : sysctl.obj (.text:SysCtlClockGet)
                  00001650    00000168     main.obj (.text)
                  000017b8    00000148     uart_debug.obj (.text)
                  00001900    000000c8     driverlib-cm4f.lib : gpio.obj (.text:GPIOPadConfigSet)
                  000019c8    0000009c     rtsv7M4_T_le_v4SPD16_eabi.lib : memcpy_t2.obj (.text)
                  00001a64    00000094                                   : auto_init.obj (.text)
                  00001af8    0000005e                                   : copy_decompress_rle.obj (.text)
                  00001b56    00000002     --HOLE-- [fill = 0]
                  00001b58    00000058     driverlib-cm4f.lib : sysctl.obj (.text:SysCtlPeripheralEnable)
                  00001bb0    00000048                        : gpio.obj (.text:GPIOPinConfigure)
                  00001bf8    00000048     rtsv7M4_T_le_v4SPD16_eabi.lib : boot.obj (.text)
                  00001c40    00000044                                   : cpy_tbl.obj (.text)
                  00001c84    00000042     driverlib-cm4f.lib : uart.obj (.text:UARTConfigSetExpClk)
                  00001cc6    00000002     --HOLE-- [fill = 0]
                  00001cc8    00000040     rtsv7M4_T_le_v4SPD16_eabi.lib : exit.obj (.text)
                  00001d08    0000002e     driverlib-cm4f.lib : gpio.obj (.text:GPIODirModeSet)
                  00001d36    00000002     --HOLE-- [fill = 0]
                  00001d38    0000001c                        : uart.obj (.text:UARTDisable)
                  00001d54    00000018     rtsv7M4_T_le_v4SPD16_eabi.lib : args_main.obj (.text)
                  00001d6c    00000014     driverlib-cm4f.lib : uart.obj (.text:UARTEnable)
                  00001d80    00000014     rtsv7M4_T_le_v4SPD16_eabi.lib : _lock.obj (.text)
                  00001d94    00000012     driverlib-cm4f.lib : gpio.obj (.text:GPIOPinTypeUART)
                  00001da6    00000012     rtsv7M4_T_le_v4SPD16_eabi.lib : copy_zero_init.obj (.text:decompress:ZI)
                  00001db8    0000000e     driverlib-cm4f.lib : gpio.obj (.text:GPIOPinIntStatus)
                  00001dc6    0000000e     rtsv7M4_T_le_v4SPD16_eabi.lib : copy_decompress_none.obj (.text:decompress:none)
                  00001dd4    0000000c     startup_ccs.obj (.text)
                  00001de0    0000000a     driverlib-cm4f.lib : uart.obj (.text:UARTCharPut)
                  00001dea    00000008     pdlib_nrf24l01.obj (.text:NRF24L01_DisableRxMode)
                  00001df2    00000006     rtsv7M4_T_le_v4SPD16_eabi.lib : copy_decompress_rle.obj (.text:decompress:rle24)

.const     0    00001df8    00000202     
                  00001df8    0000008c     pdlib_spi.obj (.const:g_GPIOConfigure)
                  00001e84    00000078     driverlib-cm4f.lib : gpio.obj (.const:g_pulGPIOBaseAddrs)
                  00001efc    0000006c                        : sysctl.obj (.const:g_pulXtals)
                  00001f68    00000040                        : sysctl.obj (.const)
                  00001fa8    00000028     pdlib_spi.obj (.const:g_SSIModule)
                  00001fd0    0000001d     main.obj (.const:.string)
                  00001fed    00000003     --HOLE-- [fill = 0]
                  00001ff0    0000000a     pdlib_nrf24l01.obj (.const:.string)

.cinit     0    00002000    00000040     
                  00002000    0000001c     (.cinit..data.load) [load image, compression = rle]
                  0000201c    0000000c     (__TI_handler_table)
                  00002028    00000008     (.cinit..bss.load) [load image, compression = zero_init]
                  00002030    00000010     (__TI_cinit_table)

.bss       0    20000000    00000111     UNINITIALIZED
                  20000000    00000100     pdlib_spi.obj (.bss:g_plRxData)
                  20000100    00000011     pdlib_nrf24l01.obj (.bss)

.stack     0    20000114    00000100     UNINITIALIZED
                  20000114    00000100     --HOLE--

.sysmem    0    20000218    00000064     UNINITIALIZED
                  20000218    00000008     rtsv7M4_T_le_v4SPD16_eabi.lib : memory.obj (.sysmem)
                  20000220    0000005c     --HOLE--

.data      0    2000027c    00000021     
                  2000027c    0000000c     rtsv7M4_T_le_v4SPD16_eabi.lib : memory.obj (.data)
                  20000288    00000008                                   : _lock.obj (.data)
                  20000290    00000008                                   : exit.obj (.data)
                  20000298    00000004                                   : stkdepth_vars.obj (.data)
                  2000029c    00000001     pdlib_spi.obj (.data)


LINKER GENERATED COPY TABLES

__TI_cinit_table @ 00002030 records: 2, size/record: 8, table size: 16
	.data: load addr=00002000, load size=0000001c bytes, run addr=2000027c, run size=00000021 bytes, compression=rle
	.bss: load addr=00002028, load size=00000008 bytes, run addr=20000000, run size=00000111 bytes, compression=zero_init


LINKER GENERATED HANDLER TABLE

__TI_handler_table @ 0000201c records: 3, size/record: 4, table size: 12
	index: 0, handler: __TI_decompress_rle24
	index: 1, handler: __TI_decompress_none
	index: 2, handler: __TI_zero_init


GLOBAL SYMBOLS: SORTED ALPHABETICALLY BY Name 

address    name
--------   ----
00001cc9   C$$EXIT
00001d09   GPIODirModeSet
00001901   GPIOPadConfigSet
00001bb1   GPIOPinConfigure
00001db9   GPIOPinIntStatus
00001d95   GPIOPinTypeUART
000017b9   InitUARTDebug
00000925   NRF24L01_AttemptTx
000009c7   NRF24L01_CarrierDetect
00001deb   NRF24L01_DisableRxMode
00000797   NRF24L01_DisableTxMode
000006fd   NRF24L01_EnableRxMode
00000747   NRF24L01_EnableTxMode
000006e9   NRF24L01_FlushRX
000006d5   NRF24L01_FlushTX
00000a5b   NRF24L01_GetData
0000088d   NRF24L01_GetRxDataAmount
00000433   NRF24L01_GetStatus
0000026d   NRF24L01_Init
000002d7   NRF24L01_InterruptInit
000007c3   NRF24L01_IsDataReadyRx
00000871   NRF24L01_IsTxFifoEmpty
00000855   NRF24L01_IsTxFifoFull
00000689   NRF24L01_PowerDown
000006b1   NRF24L01_PowerUp
00000b15   NRF24L01_ReadRxPayload
0000033f   NRF24L01_RegisterInit
00000c8f   NRF24L01_RegisterRead_8
00000ccb   NRF24L01_RegisterRead_Multi
00000c01   NRF24L01_RegisterWrite_8
00000c3d   NRF24L01_RegisterWrite_Multi
00000d1b   NRF24L01_SendCommand
00000b2b   NRF24L01_SendData
00000b99   NRF24L01_SendDataTo
00000d6b   NRF24L01_SendRcvCommand
0000056d   NRF24L01_SetARC
000005d1   NRF24L01_SetARD
0000063f   NRF24L01_SetAddressWidth
00000441   NRF24L01_SetAirDataRate
0000052d   NRF24L01_SetLNAGain
000004a1   NRF24L01_SetPAGain
0000048f   NRF24L01_SetRFChannel
000009a3   NRF24L01_SetRXPacketSize
00000949   NRF24L01_SetRxAddress
000008b9   NRF24L01_SetTXAddress
000009e1   NRF24L01_SetTxPayload
00000b5b   NRF24L01_SubmitData
00000821   NRF24L01_WaitForDataRx
000008c9   NRF24L01_WaitForTxComplete
000017ff   PrintRegValue
000018ad   PrintString
00001dd5   ResetISR
UNDEFED    SHT$$INIT_ARRAY$$Base
UNDEFED    SHT$$INIT_ARRAY$$Limit
00001479   SysCtlClockGet
00001b59   SysCtlPeripheralEnable
00001719   TransmitDataISR
00001de1   UARTCharPut
00001c85   UARTConfigSetExpClk
00001d39   UARTDisable
00001d6d   UARTEnable
20000214   __STACK_END
00000100   __STACK_SIZE
20000214   __STACK_TOP
00000064   __SYSMEM_SIZE
00002030   __TI_CINIT_Base
00002040   __TI_CINIT_Limit
0000201c   __TI_Handler_Table_Base
00002028   __TI_Handler_Table_Limit
00000001   __TI_args_main
00001a65   __TI_auto_init
00001dc7   __TI_decompress_none
00001df3   __TI_decompress_rle24
00000000   __TI_static_base__
00001da7   __TI_zero_init
000019c9   __aeabi_memcpy
000019c9   __aeabi_memcpy4
000019c9   __aeabi_memcpy8
ffffffff   __binit__
ffffffff   __c_args__
20000114   __stack
00001d55   _args_main
00001bf9   _c_int00
20000290   _cleanup_ptr
20000294   _dtors_ptr
20000288   _lock
00001d8f   _nop
00001d87   _register_lock
00001d81   _register_unlock
20000218   _sys_memory
2000028c   _unlock
00001ccd   abort
ffffffff   binit
000011cd   calloc
00001c41   copy_in
00001cd5   exit
00000f23   free
00000000   g_pfnVectors
20000000   g_plRxData
00001651   main
20000298   main_func_sp
00000ec1   malloc
000010f7   memalign
000019c9   memcpy
00000e35   minit
0000120d   pdlibSPI_ConfigureSPIInterface
000013eb   pdlibSPI_ReceiveDataBlocking
0000140b   pdlibSPI_ReceiveDataNonBlocking
00001341   pdlibSPI_SendData
0000137d   pdlibSPI_TransferByte
00000fed   realloc


GLOBAL SYMBOLS: SORTED BY Symbol Address 

address    name
--------   ----
00000000   __TI_static_base__
00000000   g_pfnVectors
00000001   __TI_args_main
00000064   __SYSMEM_SIZE
00000100   __STACK_SIZE
0000026d   NRF24L01_Init
000002d7   NRF24L01_InterruptInit
0000033f   NRF24L01_RegisterInit
00000433   NRF24L01_GetStatus
00000441   NRF24L01_SetAirDataRate
0000048f   NRF24L01_SetRFChannel
000004a1   NRF24L01_SetPAGain
0000052d   NRF24L01_SetLNAGain
0000056d   NRF24L01_SetARC
000005d1   NRF24L01_SetARD
0000063f   NRF24L01_SetAddressWidth
00000689   NRF24L01_PowerDown
000006b1   NRF24L01_PowerUp
000006d5   NRF24L01_FlushTX
000006e9   NRF24L01_FlushRX
000006fd   NRF24L01_EnableRxMode
00000747   NRF24L01_EnableTxMode
00000797   NRF24L01_DisableTxMode
000007c3   NRF24L01_IsDataReadyRx
00000821   NRF24L01_WaitForDataRx
00000855   NRF24L01_IsTxFifoFull
00000871   NRF24L01_IsTxFifoEmpty
0000088d   NRF24L01_GetRxDataAmount
000008b9   NRF24L01_SetTXAddress
000008c9   NRF24L01_WaitForTxComplete
00000925   NRF24L01_AttemptTx
00000949   NRF24L01_SetRxAddress
000009a3   NRF24L01_SetRXPacketSize
000009c7   NRF24L01_CarrierDetect
000009e1   NRF24L01_SetTxPayload
00000a5b   NRF24L01_GetData
00000b15   NRF24L01_ReadRxPayload
00000b2b   NRF24L01_SendData
00000b5b   NRF24L01_SubmitData
00000b99   NRF24L01_SendDataTo
00000c01   NRF24L01_RegisterWrite_8
00000c3d   NRF24L01_RegisterWrite_Multi
00000c8f   NRF24L01_RegisterRead_8
00000ccb   NRF24L01_RegisterRead_Multi
00000d1b   NRF24L01_SendCommand
00000d6b   NRF24L01_SendRcvCommand
00000e35   minit
00000ec1   malloc
00000f23   free
00000fed   realloc
000010f7   memalign
000011cd   calloc
0000120d   pdlibSPI_ConfigureSPIInterface
00001341   pdlibSPI_SendData
0000137d   pdlibSPI_TransferByte
000013eb   pdlibSPI_ReceiveDataBlocking
0000140b   pdlibSPI_ReceiveDataNonBlocking
00001479   SysCtlClockGet
00001651   main
00001719   TransmitDataISR
000017b9   InitUARTDebug
000017ff   PrintRegValue
000018ad   PrintString
00001901   GPIOPadConfigSet
000019c9   __aeabi_memcpy
000019c9   __aeabi_memcpy4
000019c9   __aeabi_memcpy8
000019c9   memcpy
00001a65   __TI_auto_init
00001b59   SysCtlPeripheralEnable
00001bb1   GPIOPinConfigure
00001bf9   _c_int00
00001c41   copy_in
00001c85   UARTConfigSetExpClk
00001cc9   C$$EXIT
00001ccd   abort
00001cd5   exit
00001d09   GPIODirModeSet
00001d39   UARTDisable
00001d55   _args_main
00001d6d   UARTEnable
00001d81   _register_unlock
00001d87   _register_lock
00001d8f   _nop
00001d95   GPIOPinTypeUART
00001da7   __TI_zero_init
00001db9   GPIOPinIntStatus
00001dc7   __TI_decompress_none
00001dd5   ResetISR
00001de1   UARTCharPut
00001deb   NRF24L01_DisableRxMode
00001df3   __TI_decompress_rle24
0000201c   __TI_Handler_Table_Base
00002028   __TI_Handler_Table_Limit
00002030   __TI_CINIT_Base
00002040   __TI_CINIT_Limit
20000000   g_plRxData
20000114   __stack
20000214   __STACK_END
20000214   __STACK_TOP
20000218   _sys_memory
20000288   _lock
2000028c   _unlock
20000290   _cleanup_ptr
20000294   _dtors_ptr
20000298   main_func_sp
ffffffff   __binit__
ffffffff   __c_args__
ffffffff   binit
UNDEFED    SHT$$INIT_ARRAY$$Base
UNDEFED    SHT$$INIT_ARRAY$$Limit

[111 symbols]
