******************************************************************************
                  TI ARM Linker PC v5.0.1                      
******************************************************************************
>> Linked Thu Apr 02 22:28:45 2015

OUTPUT FILE NAME:   <pdlib_nrf24l01_rx.out>
ENTRY POINT SYMBOL: "_c_int00"  address: 00001739


MEMORY CONFIGURATION

         name            origin    length      used     unused   attr    fill
----------------------  --------  ---------  --------  --------  ----  --------
  FLASH                 00000000   00040000  00001b4b  0003e4b5  R  X
  SRAM                  20000000   00008000  00000296  00007d6a  RW X


SEGMENT ALLOCATION MAP

run origin  load origin   length   init length attrs members
----------  ----------- ---------- ----------- ----- -------
00000000    00000000    00001b50   00001b50    r-x
  00000000    00000000    0000026c   0000026c    r-- .intvecs
  0000026c    0000026c    000016b6   000016b6    r-x .text
  00001924    00001924    000001e9   000001e9    r-- .const
  00001b10    00001b10    00000040   00000040    r-- .cinit
20000000    20000000    0000027c   00000000    rw-
  20000000    20000000    00000111   00000000    rw- .bss
  20000114    20000114    00000100   00000000    rw- .stack
  20000218    20000218    00000064   00000000    rw- .sysmem
2000027c    2000027c    00000021   00000021    rw-
  2000027c    2000027c    00000021   00000021    rw- .data


SECTION ALLOCATION MAP

 output                                  attributes/
section   page    origin      length       input sections
--------  ----  ----------  ----------   ----------------
.intvecs   0    00000000    0000026c     
                  00000000    0000026c     startup_ccs.obj (.intvecs)

.text      0    0000026c    000016b6     
                  0000026c    000007c4     pdlib_nrf24l01.obj (.text)
                  00000a30    000003d8     rtsv7M4_T_le_v4SPD16_eabi.lib : memory.obj (.text)
                  00000e08    000001d8     driverlib-cm4f.lib : sysctl.obj (.text:SysCtlClockGet)
                  00000fe0    00000190     pdlib_spi.obj (.text)
                  00001170    00000154     main.obj (.text)
                  000012c4    00000104     uart_debug.obj (.text)
                  000013c8    000000c8     driverlib-cm4f.lib : gpio.obj (.text:GPIOPadConfigSet)
                  00001490    0000009c     rtsv7M4_T_le_v4SPD16_eabi.lib : memcpy_t2.obj (.text)
                  0000152c    00000094                                   : auto_init.obj (.text)
                  000015c0    00000078                                   : memset_t2.obj (.text)
                  00001638    0000005e                                   : copy_decompress_rle.obj (.text)
                  00001696    00000002     --HOLE-- [fill = 0]
                  00001698    00000058     driverlib-cm4f.lib : sysctl.obj (.text:SysCtlPeripheralEnable)
                  000016f0    00000048                        : gpio.obj (.text:GPIOPinConfigure)
                  00001738    00000048     rtsv7M4_T_le_v4SPD16_eabi.lib : boot.obj (.text)
                  00001780    00000044                                   : cpy_tbl.obj (.text)
                  000017c4    00000042     driverlib-cm4f.lib : uart.obj (.text:UARTConfigSetExpClk)
                  00001806    00000002     --HOLE-- [fill = 0]
                  00001808    00000040     rtsv7M4_T_le_v4SPD16_eabi.lib : exit.obj (.text)
                  00001848    0000002e     driverlib-cm4f.lib : gpio.obj (.text:GPIODirModeSet)
                  00001876    00000002     --HOLE-- [fill = 0]
                  00001878    0000001c                        : uart.obj (.text:UARTDisable)
                  00001894    00000018     rtsv7M4_T_le_v4SPD16_eabi.lib : args_main.obj (.text)
                  000018ac    00000014     driverlib-cm4f.lib : uart.obj (.text:UARTEnable)
                  000018c0    00000014     rtsv7M4_T_le_v4SPD16_eabi.lib : _lock.obj (.text)
                  000018d4    00000012     driverlib-cm4f.lib : gpio.obj (.text:GPIOPinTypeUART)
                  000018e6    00000012     rtsv7M4_T_le_v4SPD16_eabi.lib : copy_zero_init.obj (.text:decompress:ZI)
                  000018f8    0000000e                                   : copy_decompress_none.obj (.text:decompress:none)
                  00001906    0000000c     startup_ccs.obj (.text)
                  00001912    0000000a     driverlib-cm4f.lib : uart.obj (.text:UARTCharPut)
                  0000191c    00000006     rtsv7M4_T_le_v4SPD16_eabi.lib : copy_decompress_rle.obj (.text:decompress:rle24)

.const     0    00001924    000001e9     
                  00001924    0000008c     pdlib_spi.obj (.const:g_GPIOConfigure)
                  000019b0    00000078     driverlib-cm4f.lib : gpio.obj (.const:g_pulGPIOBaseAddrs)
                  00001a28    0000006c                        : sysctl.obj (.const:g_pulXtals)
                  00001a94    00000040                        : sysctl.obj (.const)
                  00001ad4    00000028     pdlib_spi.obj (.const:g_SSIModule)
                  00001afc    0000000a     pdlib_nrf24l01.obj (.const:.string)
                  00001b06    00000002     --HOLE-- [fill = 0]
                  00001b08    00000005     main.obj (.const:.string)

.cinit     0    00001b10    00000040     
                  00001b10    0000001c     (.cinit..data.load) [load image, compression = rle]
                  00001b2c    0000000c     (__TI_handler_table)
                  00001b38    00000008     (.cinit..bss.load) [load image, compression = zero_init]
                  00001b40    00000010     (__TI_cinit_table)

.bss       0    20000000    00000111     UNINITIALIZED
                  20000000    00000100     pdlib_spi.obj (.bss:g_plRxData)
                  20000100    00000011     pdlib_nrf24l01.obj (.bss)

.stack     0    20000114    00000100     UNINITIALIZED
                  20000114    00000100     --HOLE--

.sysmem    0    20000218    00000064     UNINITIALIZED
                  20000218    00000008     rtsv7M4_T_le_v4SPD16_eabi.lib : memory.obj (.sysmem)
                  20000220    0000005c     --HOLE--

.data      0    2000027c    00000021     
                  2000027c    0000000c     rtsv7M4_T_le_v4SPD16_eabi.lib : memory.obj (.data)
                  20000288    00000008                                   : _lock.obj (.data)
                  20000290    00000008                                   : exit.obj (.data)
                  20000298    00000004                                   : stkdepth_vars.obj (.data)
                  2000029c    00000001     pdlib_spi.obj (.data)


LINKER GENERATED COPY TABLES

__TI_cinit_table @ 00001b40 records: 2, size/record: 8, table size: 16
	.data: load addr=00001b10, load size=0000001c bytes, run addr=2000027c, run size=00000021 bytes, compression=rle
	.bss: load addr=00001b38, load size=00000008 bytes, run addr=20000000, run size=00000111 bytes, compression=zero_init


LINKER GENERATED HANDLER TABLE

__TI_handler_table @ 00001b2c records: 3, size/record: 4, table size: 12
	index: 0, handler: __TI_decompress_rle24
	index: 1, handler: __TI_decompress_none
	index: 2, handler: __TI_zero_init


GLOBAL SYMBOLS: SORTED ALPHABETICALLY BY Name 

address    name
--------   ----
00001809   C$$EXIT
00001849   GPIODirModeSet
000013c9   GPIOPadConfigSet
000016f1   GPIOPinConfigure
000018d5   GPIOPinTypeUART
0000134b   InitUARTDebug
0000073f   NRF24L01_AttemptTx
000009b3   NRF24L01_CarrierDetect
00000705   NRF24L01_DisableTxMode
0000035b   NRF24L01_EnableRxMode
000006d1   NRF24L01_EnableTxMode
00000795   NRF24L01_FlushRX
00000781   NRF24L01_FlushTX
0000093d   NRF24L01_GetData
00000921   NRF24L01_GetRxDataAmount
000002bb   NRF24L01_GetStatus
000008bb   NRF24L01_Init
00000389   NRF24L01_IsDataReadyRx
000008ad   NRF24L01_IsTxFifoEmpty
00000485   NRF24L01_IsTxFifoFull
00000725   NRF24L01_PowerDown
0000032f   NRF24L01_PowerUp
000008a3   NRF24L01_ReadRxPayload
000007b3   NRF24L01_RegisterInit
00000299   NRF24L01_RegisterRead_8
000003f5   NRF24L01_RegisterRead_Multi
00000303   NRF24L01_RegisterWrite_8
00000423   NRF24L01_RegisterWrite_Multi
00000493   NRF24L01_SendCommand
0000075f   NRF24L01_SendData
0000076d   NRF24L01_SendDataTo
000006a3   NRF24L01_SendRcvCommand
00000667   NRF24L01_SetARC
0000063d   NRF24L01_SetARD
00000625   NRF24L01_SetAddressWidth
000005ff   NRF24L01_SetAirDataRate
000005e1   NRF24L01_SetLNAGain
00000561   NRF24L01_SetPAGain
00000559   NRF24L01_SetRFChannel
0000054b   NRF24L01_SetRXPacketSize
00000463   NRF24L01_SetRxAddress
00000541   NRF24L01_SetTXAddress
000004e1   NRF24L01_SetTxPayload
00000515   NRF24L01_SubmitData
000003d1   NRF24L01_WaitForDataRx
000002c9   NRF24L01_WaitForTxComplete
000012db   PrintRegValue
000012c5   PrintString
00001907   ResetISR
UNDEFED    SHT$$INIT_ARRAY$$Base
UNDEFED    SHT$$INIT_ARRAY$$Limit
00000e09   SysCtlClockGet
00001699   SysCtlPeripheralEnable
00001913   UARTCharPut
000017c5   UARTConfigSetExpClk
00001879   UARTDisable
000018ad   UARTEnable
20000214   __STACK_END
00000100   __STACK_SIZE
20000214   __STACK_TOP
00000064   __SYSMEM_SIZE
00001b40   __TI_CINIT_Base
00001b50   __TI_CINIT_Limit
00001b2c   __TI_Handler_Table_Base
00001b38   __TI_Handler_Table_Limit
00000001   __TI_args_main
0000152d   __TI_auto_init
000018f9   __TI_decompress_none
0000191d   __TI_decompress_rle24
00000000   __TI_static_base__
000018e7   __TI_zero_init
000015c1   __aeabi_memclr
000015c1   __aeabi_memclr4
000015c1   __aeabi_memclr8
00001491   __aeabi_memcpy
00001491   __aeabi_memcpy4
00001491   __aeabi_memcpy8
000015c3   __aeabi_memset
000015c3   __aeabi_memset4
000015c3   __aeabi_memset8
ffffffff   __binit__
ffffffff   __c_args__
20000114   __stack
00001895   _args_main
00001739   _c_int00
20000290   _cleanup_ptr
20000294   _dtors_ptr
20000288   _lock
000018cf   _nop
000018c7   _register_lock
000018c1   _register_unlock
20000218   _sys_memory
2000028c   _unlock
0000180d   abort
ffffffff   binit
00000dc9   calloc
00001781   copy_in
00001815   exit
00000b1f   free
00000000   g_pfnVectors
20000000   g_plRxData
00001171   main
20000298   main_func_sp
00000abd   malloc
00000cf3   memalign
00001491   memcpy
000015c9   memset
00000a31   minit
000010a5   pdlibSPI_ConfigureSPIInterface
00001087   pdlibSPI_ReceiveDataBlocking
0000105d   pdlibSPI_ReceiveDataNonBlocking
00001037   pdlibSPI_SendData
00000fe1   pdlibSPI_TransferByte
00000be9   realloc


GLOBAL SYMBOLS: SORTED BY Symbol Address 

address    name
--------   ----
00000000   __TI_static_base__
00000000   g_pfnVectors
00000001   __TI_args_main
00000064   __SYSMEM_SIZE
00000100   __STACK_SIZE
00000299   NRF24L01_RegisterRead_8
000002bb   NRF24L01_GetStatus
000002c9   NRF24L01_WaitForTxComplete
00000303   NRF24L01_RegisterWrite_8
0000032f   NRF24L01_PowerUp
0000035b   NRF24L01_EnableRxMode
00000389   NRF24L01_IsDataReadyRx
000003d1   NRF24L01_WaitForDataRx
000003f5   NRF24L01_RegisterRead_Multi
00000423   NRF24L01_RegisterWrite_Multi
00000463   NRF24L01_SetRxAddress
00000485   NRF24L01_IsTxFifoFull
00000493   NRF24L01_SendCommand
000004e1   NRF24L01_SetTxPayload
00000515   NRF24L01_SubmitData
00000541   NRF24L01_SetTXAddress
0000054b   NRF24L01_SetRXPacketSize
00000559   NRF24L01_SetRFChannel
00000561   NRF24L01_SetPAGain
000005e1   NRF24L01_SetLNAGain
000005ff   NRF24L01_SetAirDataRate
00000625   NRF24L01_SetAddressWidth
0000063d   NRF24L01_SetARD
00000667   NRF24L01_SetARC
000006a3   NRF24L01_SendRcvCommand
000006d1   NRF24L01_EnableTxMode
00000705   NRF24L01_DisableTxMode
00000725   NRF24L01_PowerDown
0000073f   NRF24L01_AttemptTx
0000075f   NRF24L01_SendData
0000076d   NRF24L01_SendDataTo
00000781   NRF24L01_FlushTX
00000795   NRF24L01_FlushRX
000007b3   NRF24L01_RegisterInit
000008a3   NRF24L01_ReadRxPayload
000008ad   NRF24L01_IsTxFifoEmpty
000008bb   NRF24L01_Init
00000921   NRF24L01_GetRxDataAmount
0000093d   NRF24L01_GetData
000009b3   NRF24L01_CarrierDetect
00000a31   minit
00000abd   malloc
00000b1f   free
00000be9   realloc
00000cf3   memalign
00000dc9   calloc
00000e09   SysCtlClockGet
00000fe1   pdlibSPI_TransferByte
00001037   pdlibSPI_SendData
0000105d   pdlibSPI_ReceiveDataNonBlocking
00001087   pdlibSPI_ReceiveDataBlocking
000010a5   pdlibSPI_ConfigureSPIInterface
00001171   main
000012c5   PrintString
000012db   PrintRegValue
0000134b   InitUARTDebug
000013c9   GPIOPadConfigSet
00001491   __aeabi_memcpy
00001491   __aeabi_memcpy4
00001491   __aeabi_memcpy8
00001491   memcpy
0000152d   __TI_auto_init
000015c1   __aeabi_memclr
000015c1   __aeabi_memclr4
000015c1   __aeabi_memclr8
000015c3   __aeabi_memset
000015c3   __aeabi_memset4
000015c3   __aeabi_memset8
000015c9   memset
00001699   SysCtlPeripheralEnable
000016f1   GPIOPinConfigure
00001739   _c_int00
00001781   copy_in
000017c5   UARTConfigSetExpClk
00001809   C$$EXIT
0000180d   abort
00001815   exit
00001849   GPIODirModeSet
00001879   UARTDisable
00001895   _args_main
000018ad   UARTEnable
000018c1   _register_unlock
000018c7   _register_lock
000018cf   _nop
000018d5   GPIOPinTypeUART
000018e7   __TI_zero_init
000018f9   __TI_decompress_none
00001907   ResetISR
00001913   UARTCharPut
0000191d   __TI_decompress_rle24
00001b2c   __TI_Handler_Table_Base
00001b38   __TI_Handler_Table_Limit
00001b40   __TI_CINIT_Base
00001b50   __TI_CINIT_Limit
20000000   g_plRxData
20000114   __stack
20000214   __STACK_END
20000214   __STACK_TOP
20000218   _sys_memory
20000288   _lock
2000028c   _unlock
20000290   _cleanup_ptr
20000294   _dtors_ptr
20000298   main_func_sp
ffffffff   __binit__
ffffffff   __c_args__
ffffffff   binit
UNDEFED    SHT$$INIT_ARRAY$$Base
UNDEFED    SHT$$INIT_ARRAY$$Limit

[114 symbols]
