******************************************************************************
                  TI ARM Linker PC v5.0.1                      
******************************************************************************
>> Linked Thu Apr 02 22:28:55 2015

OUTPUT FILE NAME:   <pdlib_nrf24l01_tx.out>
ENTRY POINT SYMBOL: "_c_int00"  address: 00001b09


MEMORY CONFIGURATION

         name            origin    length      used     unused   attr    fill
----------------------  --------  ---------  --------  --------  ----  --------
  FLASH                 00000000   00040000  00001f3c  0003e0c4  R  X
  SRAM                  20000000   00008000  00000296  00007d6a  RW X


SEGMENT ALLOCATION MAP

run origin  load origin   length   init length attrs members
----------  ----------- ---------- ----------- ----- -------
00000000    00000000    00001f40   00001f40    r-x
  00000000    00000000    0000026c   0000026c    r-- .intvecs
  0000026c    0000026c    00001a8e   00001a8e    r-x .text
  00001cfc    00001cfc    00000202   00000202    r-- .const
  00001f00    00001f00    00000040   00000040    r-- .cinit
20000000    20000000    0000027c   00000000    rw-
  20000000    20000000    00000111   00000000    rw- .bss
  20000114    20000114    00000100   00000000    rw- .stack
  20000218    20000218    00000064   00000000    rw- .sysmem
2000027c    2000027c    00000021   00000021    rw-
  2000027c    2000027c    00000021   00000021    rw- .data


SECTION ALLOCATION MAP

 output                                  attributes/
section   page    origin      length       input sections
--------  ----  ----------  ----------   ----------------
.intvecs   0    00000000    0000026c     
                  00000000    0000026c     startup_ccs.obj (.intvecs)

.text      0    0000026c    00001a8e     
                  0000026c    00000b40     pdlib_nrf24l01.obj (.text)
                  00000dac    000003d8     rtsv7M4_T_le_v4SPD16_eabi.lib : memory.obj (.text)
                  00001184    0000026c     pdlib_spi.obj (.text)
                  000013f0    000001d8     driverlib-cm4f.lib : sysctl.obj (.text:SysCtlClockGet)
                  000015c8    00000148     uart_debug.obj (.text)
                  00001710    00000100     main.obj (.text)
                  00001810    000000c8     driverlib-cm4f.lib : gpio.obj (.text:GPIOPadConfigSet)
                  000018d8    0000009c     rtsv7M4_T_le_v4SPD16_eabi.lib : memcpy_t2.obj (.text)
                  00001974    00000094                                   : auto_init.obj (.text)
                  00001a08    0000005e                                   : copy_decompress_rle.obj (.text)
                  00001a66    00000002     --HOLE-- [fill = 0]
                  00001a68    00000058     driverlib-cm4f.lib : sysctl.obj (.text:SysCtlPeripheralEnable)
                  00001ac0    00000048                        : gpio.obj (.text:GPIOPinConfigure)
                  00001b08    00000048     rtsv7M4_T_le_v4SPD16_eabi.lib : boot.obj (.text)
                  00001b50    00000044                                   : cpy_tbl.obj (.text)
                  00001b94    00000042     driverlib-cm4f.lib : uart.obj (.text:UARTConfigSetExpClk)
                  00001bd6    00000002     --HOLE-- [fill = 0]
                  00001bd8    00000040     rtsv7M4_T_le_v4SPD16_eabi.lib : exit.obj (.text)
                  00001c18    0000002e     driverlib-cm4f.lib : gpio.obj (.text:GPIODirModeSet)
                  00001c46    00000002     --HOLE-- [fill = 0]
                  00001c48    0000001c                        : uart.obj (.text:UARTDisable)
                  00001c64    00000018     rtsv7M4_T_le_v4SPD16_eabi.lib : args_main.obj (.text)
                  00001c7c    00000014     driverlib-cm4f.lib : uart.obj (.text:UARTEnable)
                  00001c90    00000014     rtsv7M4_T_le_v4SPD16_eabi.lib : _lock.obj (.text)
                  00001ca4    00000012     driverlib-cm4f.lib : gpio.obj (.text:GPIOPinTypeUART)
                  00001cb6    00000012     rtsv7M4_T_le_v4SPD16_eabi.lib : copy_zero_init.obj (.text:decompress:ZI)
                  00001cc8    0000000e                                   : copy_decompress_none.obj (.text:decompress:none)
                  00001cd6    0000000c     startup_ccs.obj (.text)
                  00001ce2    0000000a     driverlib-cm4f.lib : uart.obj (.text:UARTCharPut)
                  00001cec    00000008     pdlib_nrf24l01.obj (.text:NRF24L01_DisableRxMode)
                  00001cf4    00000006     rtsv7M4_T_le_v4SPD16_eabi.lib : copy_decompress_rle.obj (.text:decompress:rle24)

.const     0    00001cfc    00000202     
                  00001cfc    0000008c     pdlib_spi.obj (.const:g_GPIOConfigure)
                  00001d88    00000078     driverlib-cm4f.lib : gpio.obj (.const:g_pulGPIOBaseAddrs)
                  00001e00    0000006c                        : sysctl.obj (.const:g_pulXtals)
                  00001e6c    00000040                        : sysctl.obj (.const)
                  00001eac    00000028     pdlib_spi.obj (.const:g_SSIModule)
                  00001ed4    0000001d     main.obj (.const:.string)
                  00001ef1    00000003     --HOLE-- [fill = 0]
                  00001ef4    0000000a     pdlib_nrf24l01.obj (.const:.string)

.cinit     0    00001f00    00000040     
                  00001f00    0000001c     (.cinit..data.load) [load image, compression = rle]
                  00001f1c    0000000c     (__TI_handler_table)
                  00001f28    00000008     (.cinit..bss.load) [load image, compression = zero_init]
                  00001f30    00000010     (__TI_cinit_table)

.bss       0    20000000    00000111     UNINITIALIZED
                  20000000    00000100     pdlib_spi.obj (.bss:g_plRxData)
                  20000100    00000011     pdlib_nrf24l01.obj (.bss)

.stack     0    20000114    00000100     UNINITIALIZED
                  20000114    00000100     --HOLE--

.sysmem    0    20000218    00000064     UNINITIALIZED
                  20000218    00000008     rtsv7M4_T_le_v4SPD16_eabi.lib : memory.obj (.sysmem)
                  20000220    0000005c     --HOLE--

.data      0    2000027c    00000021     
                  2000027c    0000000c     rtsv7M4_T_le_v4SPD16_eabi.lib : memory.obj (.data)
                  20000288    00000008                                   : _lock.obj (.data)
                  20000290    00000008                                   : exit.obj (.data)
                  20000298    00000004                                   : stkdepth_vars.obj (.data)
                  2000029c    00000001     pdlib_spi.obj (.data)


LINKER GENERATED COPY TABLES

__TI_cinit_table @ 00001f30 records: 2, size/record: 8, table size: 16
	.data: load addr=00001f00, load size=0000001c bytes, run addr=2000027c, run size=00000021 bytes, compression=rle
	.bss: load addr=00001f28, load size=00000008 bytes, run addr=20000000, run size=00000111 bytes, compression=zero_init


LINKER GENERATED HANDLER TABLE

__TI_handler_table @ 00001f1c records: 3, size/record: 4, table size: 12
	index: 0, handler: __TI_decompress_rle24
	index: 1, handler: __TI_decompress_none
	index: 2, handler: __TI_zero_init


GLOBAL SYMBOLS: SORTED ALPHABETICALLY BY Name 

address    name
--------   ----
00001bd9   C$$EXIT
00001c19   GPIODirModeSet
00001811   GPIOPadConfigSet
00001ac1   GPIOPinConfigure
00001ca5   GPIOPinTypeUART
000015c9   InitUARTDebug
000008af   NRF24L01_AttemptTx
00000953   NRF24L01_CarrierDetect
00001ced   NRF24L01_DisableRxMode
0000072b   NRF24L01_DisableTxMode
00000691   NRF24L01_EnableRxMode
000006db   NRF24L01_EnableTxMode
0000067d   NRF24L01_FlushRX
00000669   NRF24L01_FlushTX
000009e7   NRF24L01_GetData
00000821   NRF24L01_GetRxDataAmount
000003cb   NRF24L01_GetStatus
0000026d   NRF24L01_Init
00000757   NRF24L01_IsDataReadyRx
00000805   NRF24L01_IsTxFifoEmpty
000007e9   NRF24L01_IsTxFifoFull
0000061d   NRF24L01_PowerDown
00000645   NRF24L01_PowerUp
00000aa1   NRF24L01_ReadRxPayload
000002d7   NRF24L01_RegisterInit
00000c07   NRF24L01_RegisterRead_8
00000c43   NRF24L01_RegisterRead_Multi
00000b79   NRF24L01_RegisterWrite_8
00000bb5   NRF24L01_RegisterWrite_Multi
00000c93   NRF24L01_SendCommand
00000ab7   NRF24L01_SendData
00000b13   NRF24L01_SendDataTo
00000ce3   NRF24L01_SendRcvCommand
000004f5   NRF24L01_SetARC
00000565   NRF24L01_SetARD
000005d3   NRF24L01_SetAddressWidth
000003d9   NRF24L01_SetAirDataRate
000004ad   NRF24L01_SetLNAGain
00000439   NRF24L01_SetPAGain
00000427   NRF24L01_SetRFChannel
0000092f   NRF24L01_SetRXPacketSize
000008d3   NRF24L01_SetRxAddress
0000084d   NRF24L01_SetTXAddress
0000096d   NRF24L01_SetTxPayload
00000ad5   NRF24L01_SubmitData
000007b5   NRF24L01_WaitForDataRx
0000085d   NRF24L01_WaitForTxComplete
0000160f   PrintRegValue
000016bd   PrintString
00001cd7   ResetISR
UNDEFED    SHT$$INIT_ARRAY$$Base
UNDEFED    SHT$$INIT_ARRAY$$Limit
000013f1   SysCtlClockGet
00001a69   SysCtlPeripheralEnable
00001ce3   UARTCharPut
00001b95   UARTConfigSetExpClk
00001c49   UARTDisable
00001c7d   UARTEnable
20000214   __STACK_END
00000100   __STACK_SIZE
20000214   __STACK_TOP
00000064   __SYSMEM_SIZE
00001f30   __TI_CINIT_Base
00001f40   __TI_CINIT_Limit
00001f1c   __TI_Handler_Table_Base
00001f28   __TI_Handler_Table_Limit
00000001   __TI_args_main
00001975   __TI_auto_init
00001cc9   __TI_decompress_none
00001cf5   __TI_decompress_rle24
00000000   __TI_static_base__
00001cb7   __TI_zero_init
000018d9   __aeabi_memcpy
000018d9   __aeabi_memcpy4
000018d9   __aeabi_memcpy8
ffffffff   __binit__
ffffffff   __c_args__
20000114   __stack
00001c65   _args_main
00001b09   _c_int00
20000290   _cleanup_ptr
20000294   _dtors_ptr
20000288   _lock
00001c9f   _nop
00001c97   _register_lock
00001c91   _register_unlock
20000218   _sys_memory
2000028c   _unlock
00001bdd   abort
ffffffff   binit
00001145   calloc
00001b51   copy_in
00001be5   exit
00000e9b   free
00000000   g_pfnVectors
20000000   g_plRxData
00001711   main
20000298   main_func_sp
00000e39   malloc
0000106f   memalign
000018d9   memcpy
00000dad   minit
00001185   pdlibSPI_ConfigureSPIInterface
00001363   pdlibSPI_ReceiveDataBlocking
00001383   pdlibSPI_ReceiveDataNonBlocking
000012b9   pdlibSPI_SendData
000012f5   pdlibSPI_TransferByte
00000f65   realloc


GLOBAL SYMBOLS: SORTED BY Symbol Address 

address    name
--------   ----
00000000   __TI_static_base__
00000000   g_pfnVectors
00000001   __TI_args_main
00000064   __SYSMEM_SIZE
00000100   __STACK_SIZE
0000026d   NRF24L01_Init
000002d7   NRF24L01_RegisterInit
000003cb   NRF24L01_GetStatus
000003d9   NRF24L01_SetAirDataRate
00000427   NRF24L01_SetRFChannel
00000439   NRF24L01_SetPAGain
000004ad   NRF24L01_SetLNAGain
000004f5   NRF24L01_SetARC
00000565   NRF24L01_SetARD
000005d3   NRF24L01_SetAddressWidth
0000061d   NRF24L01_PowerDown
00000645   NRF24L01_PowerUp
00000669   NRF24L01_FlushTX
0000067d   NRF24L01_FlushRX
00000691   NRF24L01_EnableRxMode
000006db   NRF24L01_EnableTxMode
0000072b   NRF24L01_DisableTxMode
00000757   NRF24L01_IsDataReadyRx
000007b5   NRF24L01_WaitForDataRx
000007e9   NRF24L01_IsTxFifoFull
00000805   NRF24L01_IsTxFifoEmpty
00000821   NRF24L01_GetRxDataAmount
0000084d   NRF24L01_SetTXAddress
0000085d   NRF24L01_WaitForTxComplete
000008af   NRF24L01_AttemptTx
000008d3   NRF24L01_SetRxAddress
0000092f   NRF24L01_SetRXPacketSize
00000953   NRF24L01_CarrierDetect
0000096d   NRF24L01_SetTxPayload
000009e7   NRF24L01_GetData
00000aa1   NRF24L01_ReadRxPayload
00000ab7   NRF24L01_SendData
00000ad5   NRF24L01_SubmitData
00000b13   NRF24L01_SendDataTo
00000b79   NRF24L01_RegisterWrite_8
00000bb5   NRF24L01_RegisterWrite_Multi
00000c07   NRF24L01_RegisterRead_8
00000c43   NRF24L01_RegisterRead_Multi
00000c93   NRF24L01_SendCommand
00000ce3   NRF24L01_SendRcvCommand
00000dad   minit
00000e39   malloc
00000e9b   free
00000f65   realloc
0000106f   memalign
00001145   calloc
00001185   pdlibSPI_ConfigureSPIInterface
000012b9   pdlibSPI_SendData
000012f5   pdlibSPI_TransferByte
00001363   pdlibSPI_ReceiveDataBlocking
00001383   pdlibSPI_ReceiveDataNonBlocking
000013f1   SysCtlClockGet
000015c9   InitUARTDebug
0000160f   PrintRegValue
000016bd   PrintString
00001711   main
00001811   GPIOPadConfigSet
000018d9   __aeabi_memcpy
000018d9   __aeabi_memcpy4
000018d9   __aeabi_memcpy8
000018d9   memcpy
00001975   __TI_auto_init
00001a69   SysCtlPeripheralEnable
00001ac1   GPIOPinConfigure
00001b09   _c_int00
00001b51   copy_in
00001b95   UARTConfigSetExpClk
00001bd9   C$$EXIT
00001bdd   abort
00001be5   exit
00001c19   GPIODirModeSet
00001c49   UARTDisable
00001c65   _args_main
00001c7d   UARTEnable
00001c91   _register_unlock
00001c97   _register_lock
00001c9f   _nop
00001ca5   GPIOPinTypeUART
00001cb7   __TI_zero_init
00001cc9   __TI_decompress_none
00001cd7   ResetISR
00001ce3   UARTCharPut
00001ced   NRF24L01_DisableRxMode
00001cf5   __TI_decompress_rle24
00001f1c   __TI_Handler_Table_Base
00001f28   __TI_Handler_Table_Limit
00001f30   __TI_CINIT_Base
00001f40   __TI_CINIT_Limit
20000000   g_plRxData
20000114   __stack
20000214   __STACK_END
20000214   __STACK_TOP
20000218   _sys_memory
20000288   _lock
2000028c   _unlock
20000290   _cleanup_ptr
20000294   _dtors_ptr
20000298   main_func_sp
ffffffff   __binit__
ffffffff   __c_args__
ffffffff   binit
UNDEFED    SHT$$INIT_ARRAY$$Base
UNDEFED    SHT$$INIT_ARRAY$$Limit

[108 symbols]
