******************************************************************************
                  TI ARM Linker PC v5.0.1                      
******************************************************************************
>> Linked Sun Aug 03 09:04:24 2014

OUTPUT FILE NAME:   <pdlib_nrf24l01_test.out>
ENTRY POINT SYMBOL: "_c_int00"  address: 00001021


MEMORY CONFIGURATION

         name            origin    length      used     unused   attr    fill
----------------------  --------  ---------  --------  --------  ----  --------
  FLASH                 00000000   00040000  000012a4  0003ed5c  R  X
  SRAM                  20000000   00008000  0000023b  00007dc5  RW X


SEGMENT ALLOCATION MAP

run origin  load origin   length   init length attrs members
----------  ----------- ---------- ----------- ----- -------
00000000    00000000    000012a8   000012a8    r-x
  00000000    00000000    00001144   00001144    r-x .text
  00001144    00001144    00000120   00000120    r-- .const
  00001268    00001268    00000040   00000040    r-- .cinit
20000000    20000000    00000214   00000000    rw-
  20000000    20000000    00000112   00000000    rw- .bss
  20000114    20000114    00000100   00000000    rw- .stack
20000214    20000214    00000021   00000021    rw-
  20000214    20000214    00000021   00000021    rw- .data
20000238    20000238    00000008   00000000    rw-
  20000238    20000238    00000008   00000000    rw- .sysmem


SECTION ALLOCATION MAP

 output                                  attributes/
section   page    origin      length       input sections
--------  ----  ----------  ----------   ----------------
.text      0    00000000    00001144     
                  00000000    000004e0     pdlib_nrf24l01.obj (.text)
                  000004e0    000003d8     rtsv7M4_T_le_v4SPD16_eabi.lib : memory.obj (.text)
                  000008b8    00000254     pdlib_spi.obj (.text)
                  00000b0c    000001d8     driverlib-cm4f.lib : sysctl.obj (.text:SysCtlClockGet)
                  00000ce4    0000013c                        : sysctl.obj (.text:SysCtlClockSet)
                  00000e20    0000009c     rtsv7M4_T_le_v4SPD16_eabi.lib : memcpy_t2.obj (.text)
                  00000ebc    00000094                                   : auto_init.obj (.text)
                  00000f50    00000070     main.obj (.text)
                  00000fc0    0000005e     rtsv7M4_T_le_v4SPD16_eabi.lib : copy_decompress_rle.obj (.text)
                  0000101e    00000002     --HOLE-- [fill = 0]
                  00001020    00000048                                   : boot.obj (.text)
                  00001068    00000044                                   : cpy_tbl.obj (.text)
                  000010ac    00000040                                   : exit.obj (.text)
                  000010ec    00000018                                   : args_main.obj (.text)
                  00001104    00000014                                   : _lock.obj (.text)
                  00001118    00000012                                   : copy_zero_init.obj (.text:decompress:ZI)
                  0000112a    0000000e                                   : copy_decompress_none.obj (.text:decompress:none)
                  00001138    00000006     driverlib-cm4f.lib : sysctl.obj (.text:SysCtlDelay)
                  0000113e    00000006     rtsv7M4_T_le_v4SPD16_eabi.lib : copy_decompress_rle.obj (.text:decompress:rle24)

.const     0    00001144    00000120     
                  00001144    0000008c     pdlib_spi.obj (.const:g_GPIOConfigure)
                  000011d0    0000006c     driverlib-cm4f.lib : sysctl.obj (.const:g_pulXtals)
                  0000123c    00000028     pdlib_spi.obj (.const:g_SSIModule)

.cinit     0    00001268    00000040     
                  00001268    0000001c     (.cinit..data.load) [load image, compression = rle]
                  00001284    0000000c     (__TI_handler_table)
                  00001290    00000008     (.cinit..bss.load) [load image, compression = zero_init]
                  00001298    00000010     (__TI_cinit_table)

.bss       0    20000000    00000112     UNINITIALIZED
                  20000000    00000100     pdlib_spi.obj (.bss:g_plRxData)
                  20000100    00000012     pdlib_nrf24l01.obj (.bss)

.stack     0    20000114    00000100     UNINITIALIZED
                  20000114    00000100     --HOLE--

.data      0    20000214    00000021     
                  20000214    0000000c     rtsv7M4_T_le_v4SPD16_eabi.lib : memory.obj (.data)
                  20000220    00000008                                   : _lock.obj (.data)
                  20000228    00000008                                   : exit.obj (.data)
                  20000230    00000004                                   : stkdepth_vars.obj (.data)
                  20000234    00000001     pdlib_spi.obj (.data)

.sysmem    0    20000238    00000008     UNINITIALIZED
                  20000238    00000008     rtsv7M4_T_le_v4SPD16_eabi.lib : memory.obj (.sysmem)


LINKER GENERATED COPY TABLES

__TI_cinit_table @ 00001298 records: 2, size/record: 8, table size: 16
	.data: load addr=00001268, load size=0000001c bytes, run addr=20000214, run size=00000021 bytes, compression=rle
	.bss: load addr=00001290, load size=00000008 bytes, run addr=20000000, run size=00000112 bytes, compression=zero_init


LINKER GENERATED HANDLER TABLE

__TI_handler_table @ 00001284 records: 3, size/record: 4, table size: 12
	index: 0, handler: __TI_decompress_rle24
	index: 1, handler: __TI_decompress_none
	index: 2, handler: __TI_zero_init


GLOBAL SYMBOLS: SORTED ALPHABETICALLY BY Name 

address    name
--------   ----
000010ad   C$$EXIT
0000017f   NRF24L01_EnableRxMode
000001a7   NRF24L01_EnableTxMode
0000029d   NRF24L01_ExecuteCommand
00000171   NRF24L01_FlushRX
00000163   NRF24L01_FlushTX
000001eb   NRF24L01_GetRxDataAmount
00000075   NRF24L01_GetStatus
00000001   NRF24L01_Init
000001cf   NRF24L01_IsDataReadyRx
00000117   NRF24L01_PowerDown
0000013f   NRF24L01_PowerUp
00000483   NRF24L01_RegisterRead_8
00000083   NRF24L01_SetAirDataRate
000000ed   NRF24L01_SetLNAGain
000000c1   NRF24L01_SetPAGain
000000af   NRF24L01_SetRFChannel
00000227   NRF24L01_SetRxAddress
00000217   NRF24L01_SetTXAddress
0000026b   NRF24L01_SetTxPayload
UNDEFED    SHT$$INIT_ARRAY$$Base
UNDEFED    SHT$$INIT_ARRAY$$Limit
00000b0d   SysCtlClockGet
00000ce5   SysCtlClockSet
00001139   SysCtlDelay
20000214   __STACK_END
00000100   __STACK_SIZE
20000214   __STACK_TOP
00000008   __SYSMEM_SIZE
00001298   __TI_CINIT_Base
000012a8   __TI_CINIT_Limit
00001284   __TI_Handler_Table_Base
00001290   __TI_Handler_Table_Limit
00000001   __TI_args_main
00000ebd   __TI_auto_init
0000112b   __TI_decompress_none
0000113f   __TI_decompress_rle24
00000000   __TI_static_base__
00001119   __TI_zero_init
00000e21   __aeabi_memcpy
00000e21   __aeabi_memcpy4
00000e21   __aeabi_memcpy8
ffffffff   __binit__
ffffffff   __c_args__
20000114   __stack
000010ed   _args_main
00001021   _c_int00
20000228   _cleanup_ptr
2000022c   _dtors_ptr
20000220   _lock
00001113   _nop
0000110b   _register_lock
00001105   _register_unlock
20000238   _sys_memory
20000224   _unlock
000010b1   abort
ffffffff   binit
00000879   calloc
00001069   copy_in
000010b9   exit
000005cf   free
20000000   g_plRxData
00000f51   main
20000230   main_func_sp
0000056d   malloc
000007a3   memalign
00000e21   memcpy
000004e1   minit
000008b9   pdlibSPI_ConfigureSPIInterface
00000a7f   pdlibSPI_ReceiveDataBlocking
00000a9f   pdlibSPI_ReceiveDataNonBlocking
00000a1b   pdlibSPI_SendData
00000699   realloc


GLOBAL SYMBOLS: SORTED BY Symbol Address 

address    name
--------   ----
00000000   __TI_static_base__
00000001   NRF24L01_Init
00000001   __TI_args_main
00000008   __SYSMEM_SIZE
00000075   NRF24L01_GetStatus
00000083   NRF24L01_SetAirDataRate
000000af   NRF24L01_SetRFChannel
000000c1   NRF24L01_SetPAGain
000000ed   NRF24L01_SetLNAGain
00000100   __STACK_SIZE
00000117   NRF24L01_PowerDown
0000013f   NRF24L01_PowerUp
00000163   NRF24L01_FlushTX
00000171   NRF24L01_FlushRX
0000017f   NRF24L01_EnableRxMode
000001a7   NRF24L01_EnableTxMode
000001cf   NRF24L01_IsDataReadyRx
000001eb   NRF24L01_GetRxDataAmount
00000217   NRF24L01_SetTXAddress
00000227   NRF24L01_SetRxAddress
0000026b   NRF24L01_SetTxPayload
0000029d   NRF24L01_ExecuteCommand
00000483   NRF24L01_RegisterRead_8
000004e1   minit
0000056d   malloc
000005cf   free
00000699   realloc
000007a3   memalign
00000879   calloc
000008b9   pdlibSPI_ConfigureSPIInterface
00000a1b   pdlibSPI_SendData
00000a7f   pdlibSPI_ReceiveDataBlocking
00000a9f   pdlibSPI_ReceiveDataNonBlocking
00000b0d   SysCtlClockGet
00000ce5   SysCtlClockSet
00000e21   __aeabi_memcpy
00000e21   __aeabi_memcpy4
00000e21   __aeabi_memcpy8
00000e21   memcpy
00000ebd   __TI_auto_init
00000f51   main
00001021   _c_int00
00001069   copy_in
000010ad   C$$EXIT
000010b1   abort
000010b9   exit
000010ed   _args_main
00001105   _register_unlock
0000110b   _register_lock
00001113   _nop
00001119   __TI_zero_init
0000112b   __TI_decompress_none
00001139   SysCtlDelay
0000113f   __TI_decompress_rle24
00001284   __TI_Handler_Table_Base
00001290   __TI_Handler_Table_Limit
00001298   __TI_CINIT_Base
000012a8   __TI_CINIT_Limit
20000000   g_plRxData
20000114   __stack
20000214   __STACK_END
20000214   __STACK_TOP
20000220   _lock
20000224   _unlock
20000228   _cleanup_ptr
2000022c   _dtors_ptr
20000230   main_func_sp
20000238   _sys_memory
ffffffff   __binit__
ffffffff   __c_args__
ffffffff   binit
UNDEFED    SHT$$INIT_ARRAY$$Base
UNDEFED    SHT$$INIT_ARRAY$$Limit

[73 symbols]
