******************************************************************************
                  TI ARM Linker PC v5.0.1                      
******************************************************************************
>> Linked Thu Apr 02 22:16:23 2015

OUTPUT FILE NAME:   <pdlib_nrf24l01_interrupt_tx.out>
ENTRY POINT SYMBOL: "_c_int00"  address: 00001bdd


MEMORY CONFIGURATION

         name            origin    length      used     unused   attr    fill
----------------------  --------  ---------  --------  --------  ----  --------
  FLASH                 00000000   00040000  0000201e  0003dfe2  R  X
  SRAM                  20000000   00008000  00000296  00007d6a  RW X


SEGMENT ALLOCATION MAP

run origin  load origin   length   init length attrs members
----------  ----------- ---------- ----------- ----- -------
00000000    00000000    00002020   00002020    r-x
  00000000    00000000    0000026c   0000026c    r-- .intvecs
  0000026c    0000026c    00001b70   00001b70    r-x .text
  00001ddc    00001ddc    00000202   00000202    r-- .const
  00001fe0    00001fe0    00000040   00000040    r-- .cinit
20000000    20000000    0000027c   00000000    rw-
  20000000    20000000    00000111   00000000    rw- .bss
  20000114    20000114    00000100   00000000    rw- .stack
  20000218    20000218    00000064   00000000    rw- .sysmem
2000027c    2000027c    00000021   00000021    rw-
  2000027c    2000027c    00000021   00000021    rw- .data


SECTION ALLOCATION MAP

 output                                  attributes/
section   page    origin      length       input sections
--------  ----  ----------  ----------   ----------------
.intvecs   0    00000000    0000026c     
                  00000000    0000026c     startup_ccs.obj (.intvecs)

.text      0    0000026c    00001b70     
                  0000026c    00000bac     pdlib_nrf24l01.obj (.text)
                  00000e18    000003d8     rtsv7M4_T_le_v4SPD16_eabi.lib : memory.obj (.text)
                  000011f0    0000026c     pdlib_spi.obj (.text)
                  0000145c    000001d8     driverlib-cm4f.lib : sysctl.obj (.text:SysCtlClockGet)
                  00001634    00000168     main.obj (.text)
                  0000179c    00000148     uart_debug.obj (.text)
                  000018e4    000000c8     driverlib-cm4f.lib : gpio.obj (.text:GPIOPadConfigSet)
                  000019ac    0000009c     rtsv7M4_T_le_v4SPD16_eabi.lib : memcpy_t2.obj (.text)
                  00001a48    00000094                                   : auto_init.obj (.text)
                  00001adc    0000005e                                   : copy_decompress_rle.obj (.text)
                  00001b3a    00000002     --HOLE-- [fill = 0]
                  00001b3c    00000058     driverlib-cm4f.lib : sysctl.obj (.text:SysCtlPeripheralEnable)
                  00001b94    00000048                        : gpio.obj (.text:GPIOPinConfigure)
                  00001bdc    00000048     rtsv7M4_T_le_v4SPD16_eabi.lib : boot.obj (.text)
                  00001c24    00000044                                   : cpy_tbl.obj (.text)
                  00001c68    00000042     driverlib-cm4f.lib : uart.obj (.text:UARTConfigSetExpClk)
                  00001caa    00000002     --HOLE-- [fill = 0]
                  00001cac    00000040     rtsv7M4_T_le_v4SPD16_eabi.lib : exit.obj (.text)
                  00001cec    0000002e     driverlib-cm4f.lib : gpio.obj (.text:GPIODirModeSet)
                  00001d1a    00000002     --HOLE-- [fill = 0]
                  00001d1c    0000001c                        : uart.obj (.text:UARTDisable)
                  00001d38    00000018     rtsv7M4_T_le_v4SPD16_eabi.lib : args_main.obj (.text)
                  00001d50    00000014     driverlib-cm4f.lib : uart.obj (.text:UARTEnable)
                  00001d64    00000014     rtsv7M4_T_le_v4SPD16_eabi.lib : _lock.obj (.text)
                  00001d78    00000012     driverlib-cm4f.lib : gpio.obj (.text:GPIOPinTypeUART)
                  00001d8a    00000012     rtsv7M4_T_le_v4SPD16_eabi.lib : copy_zero_init.obj (.text:decompress:ZI)
                  00001d9c    0000000e     driverlib-cm4f.lib : gpio.obj (.text:GPIOPinIntStatus)
                  00001daa    0000000e     rtsv7M4_T_le_v4SPD16_eabi.lib : copy_decompress_none.obj (.text:decompress:none)
                  00001db8    0000000c     startup_ccs.obj (.text)
                  00001dc4    0000000a     driverlib-cm4f.lib : uart.obj (.text:UARTCharPut)
                  00001dce    00000008     pdlib_nrf24l01.obj (.text:NRF24L01_DisableRxMode)
                  00001dd6    00000006     rtsv7M4_T_le_v4SPD16_eabi.lib : copy_decompress_rle.obj (.text:decompress:rle24)

.const     0    00001ddc    00000202     
                  00001ddc    0000008c     pdlib_spi.obj (.const:g_GPIOConfigure)
                  00001e68    00000078     driverlib-cm4f.lib : gpio.obj (.const:g_pulGPIOBaseAddrs)
                  00001ee0    0000006c                        : sysctl.obj (.const:g_pulXtals)
                  00001f4c    00000040                        : sysctl.obj (.const)
                  00001f8c    00000028     pdlib_spi.obj (.const:g_SSIModule)
                  00001fb4    0000001d     main.obj (.const:.string)
                  00001fd1    00000003     --HOLE-- [fill = 0]
                  00001fd4    0000000a     pdlib_nrf24l01.obj (.const:.string)

.cinit     0    00001fe0    00000040     
                  00001fe0    0000001c     (.cinit..data.load) [load image, compression = rle]
                  00001ffc    0000000c     (__TI_handler_table)
                  00002008    00000008     (.cinit..bss.load) [load image, compression = zero_init]
                  00002010    00000010     (__TI_cinit_table)

.bss       0    20000000    00000111     UNINITIALIZED
                  20000000    00000100     pdlib_spi.obj (.bss:g_plRxData)
                  20000100    00000011     pdlib_nrf24l01.obj (.bss)

.stack     0    20000114    00000100     UNINITIALIZED
                  20000114    00000100     --HOLE--

.sysmem    0    20000218    00000064     UNINITIALIZED
                  20000218    00000008     rtsv7M4_T_le_v4SPD16_eabi.lib : memory.obj (.sysmem)
                  20000220    0000005c     --HOLE--

.data      0    2000027c    00000021     
                  2000027c    0000000c     rtsv7M4_T_le_v4SPD16_eabi.lib : memory.obj (.data)
                  20000288    00000008                                   : _lock.obj (.data)
                  20000290    00000008                                   : exit.obj (.data)
                  20000298    00000004                                   : stkdepth_vars.obj (.data)
                  2000029c    00000001     pdlib_spi.obj (.data)


LINKER GENERATED COPY TABLES

__TI_cinit_table @ 00002010 records: 2, size/record: 8, table size: 16
	.data: load addr=00001fe0, load size=0000001c bytes, run addr=2000027c, run size=00000021 bytes, compression=rle
	.bss: load addr=00002008, load size=00000008 bytes, run addr=20000000, run size=00000111 bytes, compression=zero_init


LINKER GENERATED HANDLER TABLE

__TI_handler_table @ 00001ffc records: 3, size/record: 4, table size: 12
	index: 0, handler: __TI_decompress_rle24
	index: 1, handler: __TI_decompress_none
	index: 2, handler: __TI_zero_init


GLOBAL SYMBOLS: SORTED ALPHABETICALLY BY Name 

address    name
--------   ----
00001cad   C$$EXIT
00001ced   GPIODirModeSet
000018e5   GPIOPadConfigSet
00001b95   GPIOPinConfigure
00001d9d   GPIOPinIntStatus
00001d79   GPIOPinTypeUART
0000179d   InitUARTDebug
0000091b   NRF24L01_AttemptTx
000009bf   NRF24L01_CarrierDetect
00001dcf   NRF24L01_DisableRxMode
00000797   NRF24L01_DisableTxMode
000006fd   NRF24L01_EnableRxMode
00000747   NRF24L01_EnableTxMode
000006e9   NRF24L01_FlushRX
000006d5   NRF24L01_FlushTX
00000a53   NRF24L01_GetData
0000088d   NRF24L01_GetRxDataAmount
00000433   NRF24L01_GetStatus
0000026d   NRF24L01_Init
000002d7   NRF24L01_InterruptInit
000007c3   NRF24L01_IsDataReadyRx
00000871   NRF24L01_IsTxFifoEmpty
00000855   NRF24L01_IsTxFifoFull
00000689   NRF24L01_PowerDown
000006b1   NRF24L01_PowerUp
00000b0d   NRF24L01_ReadRxPayload
0000033f   NRF24L01_RegisterInit
00000c73   NRF24L01_RegisterRead_8
00000caf   NRF24L01_RegisterRead_Multi
00000be5   NRF24L01_RegisterWrite_8
00000c21   NRF24L01_RegisterWrite_Multi
00000cff   NRF24L01_SendCommand
00000b23   NRF24L01_SendData
00000b7f   NRF24L01_SendDataTo
00000d4f   NRF24L01_SendRcvCommand
0000056d   NRF24L01_SetARC
000005d1   NRF24L01_SetARD
0000063f   NRF24L01_SetAddressWidth
00000441   NRF24L01_SetAirDataRate
0000052d   NRF24L01_SetLNAGain
000004a1   NRF24L01_SetPAGain
0000048f   NRF24L01_SetRFChannel
0000099b   NRF24L01_SetRXPacketSize
0000093f   NRF24L01_SetRxAddress
000008b9   NRF24L01_SetTXAddress
000009d9   NRF24L01_SetTxPayload
00000b41   NRF24L01_SubmitData
00000821   NRF24L01_WaitForDataRx
000008c9   NRF24L01_WaitForTxComplete
000017e3   PrintRegValue
00001891   PrintString
00001db9   ResetISR
UNDEFED    SHT$$INIT_ARRAY$$Base
UNDEFED    SHT$$INIT_ARRAY$$Limit
0000145d   SysCtlClockGet
00001b3d   SysCtlPeripheralEnable
000016fd   TransmitDataISR
00001dc5   UARTCharPut
00001c69   UARTConfigSetExpClk
00001d1d   UARTDisable
00001d51   UARTEnable
20000214   __STACK_END
00000100   __STACK_SIZE
20000214   __STACK_TOP
00000064   __SYSMEM_SIZE
00002010   __TI_CINIT_Base
00002020   __TI_CINIT_Limit
00001ffc   __TI_Handler_Table_Base
00002008   __TI_Handler_Table_Limit
00000001   __TI_args_main
00001a49   __TI_auto_init
00001dab   __TI_decompress_none
00001dd7   __TI_decompress_rle24
00000000   __TI_static_base__
00001d8b   __TI_zero_init
000019ad   __aeabi_memcpy
000019ad   __aeabi_memcpy4
000019ad   __aeabi_memcpy8
ffffffff   __binit__
ffffffff   __c_args__
20000114   __stack
00001d39   _args_main
00001bdd   _c_int00
20000290   _cleanup_ptr
20000294   _dtors_ptr
20000288   _lock
00001d73   _nop
00001d6b   _register_lock
00001d65   _register_unlock
20000218   _sys_memory
2000028c   _unlock
00001cb1   abort
ffffffff   binit
000011b1   calloc
00001c25   copy_in
00001cb9   exit
00000f07   free
00000000   g_pfnVectors
20000000   g_plRxData
00001635   main
20000298   main_func_sp
00000ea5   malloc
000010db   memalign
000019ad   memcpy
00000e19   minit
000011f1   pdlibSPI_ConfigureSPIInterface
000013cf   pdlibSPI_ReceiveDataBlocking
000013ef   pdlibSPI_ReceiveDataNonBlocking
00001325   pdlibSPI_SendData
00001361   pdlibSPI_TransferByte
00000fd1   realloc


GLOBAL SYMBOLS: SORTED BY Symbol Address 

address    name
--------   ----
00000000   __TI_static_base__
00000000   g_pfnVectors
00000001   __TI_args_main
00000064   __SYSMEM_SIZE
00000100   __STACK_SIZE
0000026d   NRF24L01_Init
000002d7   NRF24L01_InterruptInit
0000033f   NRF24L01_RegisterInit
00000433   NRF24L01_GetStatus
00000441   NRF24L01_SetAirDataRate
0000048f   NRF24L01_SetRFChannel
000004a1   NRF24L01_SetPAGain
0000052d   NRF24L01_SetLNAGain
0000056d   NRF24L01_SetARC
000005d1   NRF24L01_SetARD
0000063f   NRF24L01_SetAddressWidth
00000689   NRF24L01_PowerDown
000006b1   NRF24L01_PowerUp
000006d5   NRF24L01_FlushTX
000006e9   NRF24L01_FlushRX
000006fd   NRF24L01_EnableRxMode
00000747   NRF24L01_EnableTxMode
00000797   NRF24L01_DisableTxMode
000007c3   NRF24L01_IsDataReadyRx
00000821   NRF24L01_WaitForDataRx
00000855   NRF24L01_IsTxFifoFull
00000871   NRF24L01_IsTxFifoEmpty
0000088d   NRF24L01_GetRxDataAmount
000008b9   NRF24L01_SetTXAddress
000008c9   NRF24L01_WaitForTxComplete
0000091b   NRF24L01_AttemptTx
0000093f   NRF24L01_SetRxAddress
0000099b   NRF24L01_SetRXPacketSize
000009bf   NRF24L01_CarrierDetect
000009d9   NRF24L01_SetTxPayload
00000a53   NRF24L01_GetData
00000b0d   NRF24L01_ReadRxPayload
00000b23   NRF24L01_SendData
00000b41   NRF24L01_SubmitData
00000b7f   NRF24L01_SendDataTo
00000be5   NRF24L01_RegisterWrite_8
00000c21   NRF24L01_RegisterWrite_Multi
00000c73   NRF24L01_RegisterRead_8
00000caf   NRF24L01_RegisterRead_Multi
00000cff   NRF24L01_SendCommand
00000d4f   NRF24L01_SendRcvCommand
00000e19   minit
00000ea5   malloc
00000f07   free
00000fd1   realloc
000010db   memalign
000011b1   calloc
000011f1   pdlibSPI_ConfigureSPIInterface
00001325   pdlibSPI_SendData
00001361   pdlibSPI_TransferByte
000013cf   pdlibSPI_ReceiveDataBlocking
000013ef   pdlibSPI_ReceiveDataNonBlocking
0000145d   SysCtlClockGet
00001635   main
000016fd   TransmitDataISR
0000179d   InitUARTDebug
000017e3   PrintRegValue
00001891   PrintString
000018e5   GPIOPadConfigSet
000019ad   __aeabi_memcpy
000019ad   __aeabi_memcpy4
000019ad   __aeabi_memcpy8
000019ad   memcpy
00001a49   __TI_auto_init
00001b3d   SysCtlPeripheralEnable
00001b95   GPIOPinConfigure
00001bdd   _c_int00
00001c25   copy_in
00001c69   UARTConfigSetExpClk
00001cad   C$$EXIT
00001cb1   abort
00001cb9   exit
00001ced   GPIODirModeSet
00001d1d   UARTDisable
00001d39   _args_main
00001d51   UARTEnable
00001d65   _register_unlock
00001d6b   _register_lock
00001d73   _nop
00001d79   GPIOPinTypeUART
00001d8b   __TI_zero_init
00001d9d   GPIOPinIntStatus
00001dab   __TI_decompress_none
00001db9   ResetISR
00001dc5   UARTCharPut
00001dcf   NRF24L01_DisableRxMode
00001dd7   __TI_decompress_rle24
00001ffc   __TI_Handler_Table_Base
00002008   __TI_Handler_Table_Limit
00002010   __TI_CINIT_Base
00002020   __TI_CINIT_Limit
20000000   g_plRxData
20000114   __stack
20000214   __STACK_END
20000214   __STACK_TOP
20000218   _sys_memory
20000288   _lock
2000028c   _unlock
20000290   _cleanup_ptr
20000294   _dtors_ptr
20000298   main_func_sp
ffffffff   __binit__
ffffffff   __c_args__
ffffffff   binit
UNDEFED    SHT$$INIT_ARRAY$$Base
UNDEFED    SHT$$INIT_ARRAY$$Limit

[111 symbols]
