******************************************************************************
                  TI ARM Linker PC v5.0.1                      
******************************************************************************
>> Linked Thu Apr 02 22:26:47 2015

OUTPUT FILE NAME:   <pdlib_nrf24l01_rx.out>
ENTRY POINT SYMBOL: "_c_int00"  address: 00001bf1


MEMORY CONFIGURATION

         name            origin    length      used     unused   attr    fill
----------------------  --------  ---------  --------  --------  ----  --------
  FLASH                 00000000   00040000  0000200b  0003dff5  R  X
  SRAM                  20000000   00008000  00000296  00007d6a  RW X


SEGMENT ALLOCATION MAP

run origin  load origin   length   init length attrs members
----------  ----------- ---------- ----------- ----- -------
00000000    00000000    00002010   00002010    r-x
  00000000    00000000    0000026c   0000026c    r-- .intvecs
  0000026c    0000026c    00001b76   00001b76    r-x .text
  00001de4    00001de4    000001e9   000001e9    r-- .const
  00001fd0    00001fd0    00000040   00000040    r-- .cinit
20000000    20000000    0000027c   00000000    rw-
  20000000    20000000    00000111   00000000    rw- .bss
  20000114    20000114    00000100   00000000    rw- .stack
  20000218    20000218    00000064   00000000    rw- .sysmem
2000027c    2000027c    00000021   00000021    rw-
  2000027c    2000027c    00000021   00000021    rw- .data


SECTION ALLOCATION MAP

 output                                  attributes/
section   page    origin      length       input sections
--------  ----  ----------  ----------   ----------------
.intvecs   0    00000000    0000026c     
                  00000000    0000026c     startup_ccs.obj (.intvecs)

.text      0    0000026c    00001b76     
                  0000026c    00000b40     pdlib_nrf24l01.obj (.text)
                  00000dac    000003d8     rtsv7M4_T_le_v4SPD16_eabi.lib : memory.obj (.text)
                  00001184    0000026c     pdlib_spi.obj (.text)
                  000013f0    000001d8     driverlib-cm4f.lib : sysctl.obj (.text:SysCtlClockGet)
                  000015c8    00000170     main.obj (.text)
                  00001738    00000148     uart_debug.obj (.text)
                  00001880    000000c8     driverlib-cm4f.lib : gpio.obj (.text:GPIOPadConfigSet)
                  00001948    0000009c     rtsv7M4_T_le_v4SPD16_eabi.lib : memcpy_t2.obj (.text)
                  000019e4    00000094                                   : auto_init.obj (.text)
                  00001a78    00000078                                   : memset_t2.obj (.text)
                  00001af0    0000005e                                   : copy_decompress_rle.obj (.text)
                  00001b4e    00000002     --HOLE-- [fill = 0]
                  00001b50    00000058     driverlib-cm4f.lib : sysctl.obj (.text:SysCtlPeripheralEnable)
                  00001ba8    00000048                        : gpio.obj (.text:GPIOPinConfigure)
                  00001bf0    00000048     rtsv7M4_T_le_v4SPD16_eabi.lib : boot.obj (.text)
                  00001c38    00000044                                   : cpy_tbl.obj (.text)
                  00001c7c    00000042     driverlib-cm4f.lib : uart.obj (.text:UARTConfigSetExpClk)
                  00001cbe    00000002     --HOLE-- [fill = 0]
                  00001cc0    00000040     rtsv7M4_T_le_v4SPD16_eabi.lib : exit.obj (.text)
                  00001d00    0000002e     driverlib-cm4f.lib : gpio.obj (.text:GPIODirModeSet)
                  00001d2e    00000002     --HOLE-- [fill = 0]
                  00001d30    0000001c                        : uart.obj (.text:UARTDisable)
                  00001d4c    00000018     rtsv7M4_T_le_v4SPD16_eabi.lib : args_main.obj (.text)
                  00001d64    00000014     driverlib-cm4f.lib : uart.obj (.text:UARTEnable)
                  00001d78    00000014     rtsv7M4_T_le_v4SPD16_eabi.lib : _lock.obj (.text)
                  00001d8c    00000012     driverlib-cm4f.lib : gpio.obj (.text:GPIOPinTypeUART)
                  00001d9e    00000012     rtsv7M4_T_le_v4SPD16_eabi.lib : copy_zero_init.obj (.text:decompress:ZI)
                  00001db0    0000000e                                   : copy_decompress_none.obj (.text:decompress:none)
                  00001dbe    0000000c     startup_ccs.obj (.text)
                  00001dca    0000000a     driverlib-cm4f.lib : uart.obj (.text:UARTCharPut)
                  00001dd4    00000008     pdlib_nrf24l01.obj (.text:NRF24L01_DisableRxMode)
                  00001ddc    00000006     rtsv7M4_T_le_v4SPD16_eabi.lib : copy_decompress_rle.obj (.text:decompress:rle24)

.const     0    00001de4    000001e9     
                  00001de4    0000008c     pdlib_spi.obj (.const:g_GPIOConfigure)
                  00001e70    00000078     driverlib-cm4f.lib : gpio.obj (.const:g_pulGPIOBaseAddrs)
                  00001ee8    0000006c                        : sysctl.obj (.const:g_pulXtals)
                  00001f54    00000040                        : sysctl.obj (.const)
                  00001f94    00000028     pdlib_spi.obj (.const:g_SSIModule)
                  00001fbc    0000000a     pdlib_nrf24l01.obj (.const:.string)
                  00001fc6    00000002     --HOLE-- [fill = 0]
                  00001fc8    00000005     main.obj (.const:.string)

.cinit     0    00001fd0    00000040     
                  00001fd0    0000001c     (.cinit..data.load) [load image, compression = rle]
                  00001fec    0000000c     (__TI_handler_table)
                  00001ff8    00000008     (.cinit..bss.load) [load image, compression = zero_init]
                  00002000    00000010     (__TI_cinit_table)

.bss       0    20000000    00000111     UNINITIALIZED
                  20000000    00000100     pdlib_spi.obj (.bss:g_plRxData)
                  20000100    00000011     pdlib_nrf24l01.obj (.bss)

.stack     0    20000114    00000100     UNINITIALIZED
                  20000114    00000100     --HOLE--

.sysmem    0    20000218    00000064     UNINITIALIZED
                  20000218    00000008     rtsv7M4_T_le_v4SPD16_eabi.lib : memory.obj (.sysmem)
                  20000220    0000005c     --HOLE--

.data      0    2000027c    00000021     
                  2000027c    0000000c     rtsv7M4_T_le_v4SPD16_eabi.lib : memory.obj (.data)
                  20000288    00000008                                   : _lock.obj (.data)
                  20000290    00000008                                   : exit.obj (.data)
                  20000298    00000004                                   : stkdepth_vars.obj (.data)
                  2000029c    00000001     pdlib_spi.obj (.data)


LINKER GENERATED COPY TABLES

__TI_cinit_table @ 00002000 records: 2, size/record: 8, table size: 16
	.data: load addr=00001fd0, load size=0000001c bytes, run addr=2000027c, run size=00000021 bytes, compression=rle
	.bss: load addr=00001ff8, load size=00000008 bytes, run addr=20000000, run size=00000111 bytes, compression=zero_init


LINKER GENERATED HANDLER TABLE

__TI_handler_table @ 00001fec records: 3, size/record: 4, table size: 12
	index: 0, handler: __TI_decompress_rle24
	index: 1, handler: __TI_decompress_none
	index: 2, handler: __TI_zero_init


GLOBAL SYMBOLS: SORTED ALPHABETICALLY BY Name 

address    name
--------   ----
00001cc1   C$$EXIT
00001d01   GPIODirModeSet
00001881   GPIOPadConfigSet
00001ba9   GPIOPinConfigure
00001d8d   GPIOPinTypeUART
00001739   InitUARTDebug
000008af   NRF24L01_AttemptTx
00000953   NRF24L01_CarrierDetect
00001dd5   NRF24L01_DisableRxMode
0000072b   NRF24L01_DisableTxMode
00000691   NRF24L01_EnableRxMode
000006db   NRF24L01_EnableTxMode
0000067d   NRF24L01_FlushRX
00000669   NRF24L01_FlushTX
000009e7   NRF24L01_GetData
00000821   NRF24L01_GetRxDataAmount
000003cb   NRF24L01_GetStatus
0000026d   NRF24L01_Init
00000757   NRF24L01_IsDataReadyRx
00000805   NRF24L01_IsTxFifoEmpty
000007e9   NRF24L01_IsTxFifoFull
0000061d   NRF24L01_PowerDown
00000645   NRF24L01_PowerUp
00000aa1   NRF24L01_ReadRxPayload
000002d7   NRF24L01_RegisterInit
00000c07   NRF24L01_RegisterRead_8
00000c43   NRF24L01_RegisterRead_Multi
00000b79   NRF24L01_RegisterWrite_8
00000bb5   NRF24L01_RegisterWrite_Multi
00000c93   NRF24L01_SendCommand
00000ab7   NRF24L01_SendData
00000b13   NRF24L01_SendDataTo
00000ce3   NRF24L01_SendRcvCommand
000004f5   NRF24L01_SetARC
00000565   NRF24L01_SetARD
000005d3   NRF24L01_SetAddressWidth
000003d9   NRF24L01_SetAirDataRate
000004ad   NRF24L01_SetLNAGain
00000439   NRF24L01_SetPAGain
00000427   NRF24L01_SetRFChannel
0000092f   NRF24L01_SetRXPacketSize
000008d3   NRF24L01_SetRxAddress
0000084d   NRF24L01_SetTXAddress
0000096d   NRF24L01_SetTxPayload
00000ad5   NRF24L01_SubmitData
000007b5   NRF24L01_WaitForDataRx
0000085d   NRF24L01_WaitForTxComplete
0000177f   PrintRegValue
0000182d   PrintString
00001dbf   ResetISR
UNDEFED    SHT$$INIT_ARRAY$$Base
UNDEFED    SHT$$INIT_ARRAY$$Limit
000013f1   SysCtlClockGet
00001b51   SysCtlPeripheralEnable
00001dcb   UARTCharPut
00001c7d   UARTConfigSetExpClk
00001d31   UARTDisable
00001d65   UARTEnable
20000214   __STACK_END
00000100   __STACK_SIZE
20000214   __STACK_TOP
00000064   __SYSMEM_SIZE
00002000   __TI_CINIT_Base
00002010   __TI_CINIT_Limit
00001fec   __TI_Handler_Table_Base
00001ff8   __TI_Handler_Table_Limit
00000001   __TI_args_main
000019e5   __TI_auto_init
00001db1   __TI_decompress_none
00001ddd   __TI_decompress_rle24
00000000   __TI_static_base__
00001d9f   __TI_zero_init
00001a79   __aeabi_memclr
00001a79   __aeabi_memclr4
00001a79   __aeabi_memclr8
00001949   __aeabi_memcpy
00001949   __aeabi_memcpy4
00001949   __aeabi_memcpy8
00001a7b   __aeabi_memset
00001a7b   __aeabi_memset4
00001a7b   __aeabi_memset8
ffffffff   __binit__
ffffffff   __c_args__
20000114   __stack
00001d4d   _args_main
00001bf1   _c_int00
20000290   _cleanup_ptr
20000294   _dtors_ptr
20000288   _lock
00001d87   _nop
00001d7f   _register_lock
00001d79   _register_unlock
20000218   _sys_memory
2000028c   _unlock
00001cc5   abort
ffffffff   binit
00001145   calloc
00001c39   copy_in
00001ccd   exit
00000e9b   free
00000000   g_pfnVectors
20000000   g_plRxData
000015c9   main
20000298   main_func_sp
00000e39   malloc
0000106f   memalign
00001949   memcpy
00001a81   memset
00000dad   minit
00001185   pdlibSPI_ConfigureSPIInterface
00001363   pdlibSPI_ReceiveDataBlocking
00001383   pdlibSPI_ReceiveDataNonBlocking
000012b9   pdlibSPI_SendData
000012f5   pdlibSPI_TransferByte
00000f65   realloc


GLOBAL SYMBOLS: SORTED BY Symbol Address 

address    name
--------   ----
00000000   __TI_static_base__
00000000   g_pfnVectors
00000001   __TI_args_main
00000064   __SYSMEM_SIZE
00000100   __STACK_SIZE
0000026d   NRF24L01_Init
000002d7   NRF24L01_RegisterInit
000003cb   NRF24L01_GetStatus
000003d9   NRF24L01_SetAirDataRate
00000427   NRF24L01_SetRFChannel
00000439   NRF24L01_SetPAGain
000004ad   NRF24L01_SetLNAGain
000004f5   NRF24L01_SetARC
00000565   NRF24L01_SetARD
000005d3   NRF24L01_SetAddressWidth
0000061d   NRF24L01_PowerDown
00000645   NRF24L01_PowerUp
00000669   NRF24L01_FlushTX
0000067d   NRF24L01_FlushRX
00000691   NRF24L01_EnableRxMode
000006db   NRF24L01_EnableTxMode
0000072b   NRF24L01_DisableTxMode
00000757   NRF24L01_IsDataReadyRx
000007b5   NRF24L01_WaitForDataRx
000007e9   NRF24L01_IsTxFifoFull
00000805   NRF24L01_IsTxFifoEmpty
00000821   NRF24L01_GetRxDataAmount
0000084d   NRF24L01_SetTXAddress
0000085d   NRF24L01_WaitForTxComplete
000008af   NRF24L01_AttemptTx
000008d3   NRF24L01_SetRxAddress
0000092f   NRF24L01_SetRXPacketSize
00000953   NRF24L01_CarrierDetect
0000096d   NRF24L01_SetTxPayload
000009e7   NRF24L01_GetData
00000aa1   NRF24L01_ReadRxPayload
00000ab7   NRF24L01_SendData
00000ad5   NRF24L01_SubmitData
00000b13   NRF24L01_SendDataTo
00000b79   NRF24L01_RegisterWrite_8
00000bb5   NRF24L01_RegisterWrite_Multi
00000c07   NRF24L01_RegisterRead_8
00000c43   NRF24L01_RegisterRead_Multi
00000c93   NRF24L01_SendCommand
00000ce3   NRF24L01_SendRcvCommand
00000dad   minit
00000e39   malloc
00000e9b   free
00000f65   realloc
0000106f   memalign
00001145   calloc
00001185   pdlibSPI_ConfigureSPIInterface
000012b9   pdlibSPI_SendData
000012f5   pdlibSPI_TransferByte
00001363   pdlibSPI_ReceiveDataBlocking
00001383   pdlibSPI_ReceiveDataNonBlocking
000013f1   SysCtlClockGet
000015c9   main
00001739   InitUARTDebug
0000177f   PrintRegValue
0000182d   PrintString
00001881   GPIOPadConfigSet
00001949   __aeabi_memcpy
00001949   __aeabi_memcpy4
00001949   __aeabi_memcpy8
00001949   memcpy
000019e5   __TI_auto_init
00001a79   __aeabi_memclr
00001a79   __aeabi_memclr4
00001a79   __aeabi_memclr8
00001a7b   __aeabi_memset
00001a7b   __aeabi_memset4
00001a7b   __aeabi_memset8
00001a81   memset
00001b51   SysCtlPeripheralEnable
00001ba9   GPIOPinConfigure
00001bf1   _c_int00
00001c39   copy_in
00001c7d   UARTConfigSetExpClk
00001cc1   C$$EXIT
00001cc5   abort
00001ccd   exit
00001d01   GPIODirModeSet
00001d31   UARTDisable
00001d4d   _args_main
00001d65   UARTEnable
00001d79   _register_unlock
00001d7f   _register_lock
00001d87   _nop
00001d8d   GPIOPinTypeUART
00001d9f   __TI_zero_init
00001db1   __TI_decompress_none
00001dbf   ResetISR
00001dcb   UARTCharPut
00001dd5   NRF24L01_DisableRxMode
00001ddd   __TI_decompress_rle24
00001fec   __TI_Handler_Table_Base
00001ff8   __TI_Handler_Table_Limit
00002000   __TI_CINIT_Base
00002010   __TI_CINIT_Limit
20000000   g_plRxData
20000114   __stack
20000214   __STACK_END
20000214   __STACK_TOP
20000218   _sys_memory
20000288   _lock
2000028c   _unlock
20000290   _cleanup_ptr
20000294   _dtors_ptr
20000298   main_func_sp
ffffffff   __binit__
ffffffff   __c_args__
ffffffff   binit
UNDEFED    SHT$$INIT_ARRAY$$Base
UNDEFED    SHT$$INIT_ARRAY$$Limit

[115 symbols]
