******************************************************************************
                  TI ARM Linker PC v5.0.1                      
******************************************************************************
>> Linked Mon Apr 13 19:21:59 2015

OUTPUT FILE NAME:   <pdlib_nrf24l01_cd.out>
ENTRY POINT SYMBOL: "_c_int00"  address: 00001e35


MEMORY CONFIGURATION

         name            origin    length      used     unused   attr    fill
----------------------  --------  ---------  --------  --------  ----  --------
  FLASH                 00000000   00040000  00002247  0003ddb9  R  X
  SRAM                  20000000   00008000  0000029d  00007d63  RW X


SEGMENT ALLOCATION MAP

run origin  load origin   length   init length attrs members
----------  ----------- ---------- ----------- ----- -------
00000000    00000000    00002250   00002250    r-x
  00000000    00000000    0000026c   0000026c    r-- .intvecs
  0000026c    0000026c    00001db2   00001db2    r-x .text
  00002020    00002020    000001e9   000001e9    r-- .const
  00002210    00002210    00000040   00000040    r-- .cinit
20000000    20000000    0000027c   00000000    rw-
  20000000    20000000    00000118   00000000    rw- .bss
  20000118    20000118    00000100   00000000    rw- .stack
  20000218    20000218    00000064   00000000    rw- .sysmem
2000027c    2000027c    00000021   00000021    rw-
  2000027c    2000027c    00000021   00000021    rw- .data


SECTION ALLOCATION MAP

 output                                  attributes/
section   page    origin      length       input sections
--------  ----  ----------  ----------   ----------------
.intvecs   0    00000000    0000026c     
                  00000000    0000026c     startup_ccs.obj (.intvecs)

.text      0    0000026c    00001db2     
                  0000026c    00000e98     pdlib_nrf24l01.obj (.text)
                  00001104    000003d8     rtsv7M4_T_le_v4SPD16_eabi.lib : memory.obj (.text)
                  000014dc    0000026c     pdlib_spi.obj (.text)
                  00001748    000001d8     driverlib-cm4f.lib : sysctl.obj (.text:SysCtlClockGet)
                  00001920    00000148     uart_debug.obj (.text)
                  00001a68    000000d4     main.obj (.text)
                  00001b3c    000000c8     driverlib-cm4f.lib : gpio.obj (.text:GPIOPadConfigSet)
                  00001c04    0000009c     rtsv7M4_T_le_v4SPD16_eabi.lib : memcpy_t2.obj (.text)
                  00001ca0    00000094                                   : auto_init.obj (.text)
                  00001d34    0000005e                                   : copy_decompress_rle.obj (.text)
                  00001d92    00000002     --HOLE-- [fill = 0]
                  00001d94    00000058     driverlib-cm4f.lib : sysctl.obj (.text:SysCtlPeripheralEnable)
                  00001dec    00000048                        : gpio.obj (.text:GPIOPinConfigure)
                  00001e34    00000048     rtsv7M4_T_le_v4SPD16_eabi.lib : boot.obj (.text)
                  00001e7c    00000044                                   : cpy_tbl.obj (.text)
                  00001ec0    00000042     driverlib-cm4f.lib : uart.obj (.text:UARTConfigSetExpClk)
                  00001f02    00000002     --HOLE-- [fill = 0]
                  00001f04    00000040     rtsv7M4_T_le_v4SPD16_eabi.lib : exit.obj (.text)
                  00001f44    0000002e     driverlib-cm4f.lib : gpio.obj (.text:GPIODirModeSet)
                  00001f72    00000002     --HOLE-- [fill = 0]
                  00001f74    0000001c                        : uart.obj (.text:UARTDisable)
                  00001f90    00000018     rtsv7M4_T_le_v4SPD16_eabi.lib : args_main.obj (.text)
                  00001fa8    00000014     driverlib-cm4f.lib : uart.obj (.text:UARTEnable)
                  00001fbc    00000014     rtsv7M4_T_le_v4SPD16_eabi.lib : _lock.obj (.text)
                  00001fd0    00000012     driverlib-cm4f.lib : gpio.obj (.text:GPIOPinTypeUART)
                  00001fe2    00000012     rtsv7M4_T_le_v4SPD16_eabi.lib : copy_zero_init.obj (.text:decompress:ZI)
                  00001ff4    0000000e                                   : copy_decompress_none.obj (.text:decompress:none)
                  00002002    0000000c     startup_ccs.obj (.text)
                  0000200e    0000000a     driverlib-cm4f.lib : uart.obj (.text:UARTCharPut)
                  00002018    00000006     rtsv7M4_T_le_v4SPD16_eabi.lib : copy_decompress_rle.obj (.text:decompress:rle24)

.const     0    00002020    000001e9     
                  00002020    0000008c     pdlib_spi.obj (.const:g_GPIOConfigure)
                  000020ac    00000078     driverlib-cm4f.lib : gpio.obj (.const:g_pulGPIOBaseAddrs)
                  00002124    0000006c                        : sysctl.obj (.const:g_pulXtals)
                  00002190    00000040                        : sysctl.obj (.const)
                  000021d0    00000028     pdlib_spi.obj (.const:g_SSIModule)
                  000021f8    0000000a     pdlib_nrf24l01.obj (.const:.string)
                  00002202    00000002     --HOLE-- [fill = 0]
                  00002204    00000005     main.obj (.const:.string)

.cinit     0    00002210    00000040     
                  00002210    0000001c     (.cinit..data.load) [load image, compression = rle]
                  0000222c    0000000c     (__TI_handler_table)
                  00002238    00000008     (.cinit..bss.load) [load image, compression = zero_init]
                  00002240    00000010     (__TI_cinit_table)

.bss       0    20000000    00000118     UNINITIALIZED
                  20000000    00000100     pdlib_spi.obj (.bss:g_plRxData)
                  20000100    00000018     pdlib_nrf24l01.obj (.bss)

.stack     0    20000118    00000100     UNINITIALIZED
                  20000118    00000100     --HOLE--

.sysmem    0    20000218    00000064     UNINITIALIZED
                  20000218    00000008     rtsv7M4_T_le_v4SPD16_eabi.lib : memory.obj (.sysmem)
                  20000220    0000005c     --HOLE--

.data      0    2000027c    00000021     
                  2000027c    0000000c     rtsv7M4_T_le_v4SPD16_eabi.lib : memory.obj (.data)
                  20000288    00000008                                   : _lock.obj (.data)
                  20000290    00000008                                   : exit.obj (.data)
                  20000298    00000004                                   : stkdepth_vars.obj (.data)
                  2000029c    00000001     pdlib_spi.obj (.data)


LINKER GENERATED COPY TABLES

__TI_cinit_table @ 00002240 records: 2, size/record: 8, table size: 16
	.data: load addr=00002210, load size=0000001c bytes, run addr=2000027c, run size=00000021 bytes, compression=rle
	.bss: load addr=00002238, load size=00000008 bytes, run addr=20000000, run size=00000118 bytes, compression=zero_init


LINKER GENERATED HANDLER TABLE

__TI_handler_table @ 0000222c records: 3, size/record: 4, table size: 12
	index: 0, handler: __TI_decompress_rle24
	index: 1, handler: __TI_decompress_none
	index: 2, handler: __TI_zero_init


GLOBAL SYMBOLS: SORTED ALPHABETICALLY BY Name 

address    name
--------   ----
00001f05   C$$EXIT
00001f45   GPIODirModeSet
00001b3d   GPIOPadConfigSet
00001ded   GPIOPinConfigure
00001fd1   GPIOPinTypeUART
00001921   InitUARTDebug
000009f9   NRF24L01_AttemptTx
00000ab1   NRF24L01_CarrierDetect
00000997   NRF24L01_ClearInterruptFlag
0000075f   NRF24L01_DisableRxMode
000007a5   NRF24L01_DisableTxMode
00000b1b   NRF24L01_EnableFeatureAckPL
00000bc1   NRF24L01_EnableFeatureDynPL
00000c5f   NRF24L01_EnableFeatureNoAckTx
00000725   NRF24L01_EnableRxMode
00000767   NRF24L01_EnableTxMode
00000711   NRF24L01_FlushRX
000006fd   NRF24L01_FlushTX
00000e19   NRF24L01_GetAckDataAmount
00000cd1   NRF24L01_GetData
00000959   NRF24L01_GetInterruptState
0000088b   NRF24L01_GetRxDataAmount
00000443   NRF24L01_GetStatus
0000026d   NRF24L01_Init
000002e7   NRF24L01_InterruptInit
000007c1   NRF24L01_IsDataReadyRx
0000086f   NRF24L01_IsTxFifoEmpty
00000853   NRF24L01_IsTxFifoFull
0000069d   NRF24L01_PowerDown
000006cf   NRF24L01_PowerUp
00000d79   NRF24L01_ReadRxPayload
0000034f   NRF24L01_RegisterInit
00000f3d   NRF24L01_RegisterRead_8
00000f67   NRF24L01_RegisterRead_Multi
00000eaf   NRF24L01_RegisterWrite_8
00000eeb   NRF24L01_RegisterWrite_Multi
00000fb7   NRF24L01_SendCommand
00000e31   NRF24L01_SendData
00000e8d   NRF24L01_SendDataTo
00001007   NRF24L01_SendRcvCommand
00000581   NRF24L01_SetARC
000005e5   NRF24L01_SetARD
00000da9   NRF24L01_SetAckPayload
00000653   NRF24L01_SetAddressWidth
00000451   NRF24L01_SetAirDataRate
00000541   NRF24L01_SetLNAGain
000004c1   NRF24L01_SetPAGain
0000049f   NRF24L01_SetRFChannel
00000a8d   NRF24L01_SetRXPacketSize
00000a49   NRF24L01_SetRxAddress
000008e7   NRF24L01_SetTXAddress
00000adf   NRF24L01_SetTxPayload
00000e4f   NRF24L01_SubmitData
0000081f   NRF24L01_WaitForDataRx
000008fd   NRF24L01_WaitForTxComplete
00001967   PrintRegValue
00001a15   PrintString
00002003   ResetISR
UNDEFED    SHT$$INIT_ARRAY$$Base
UNDEFED    SHT$$INIT_ARRAY$$Limit
00001749   SysCtlClockGet
00001d95   SysCtlPeripheralEnable
0000200f   UARTCharPut
00001ec1   UARTConfigSetExpClk
00001f75   UARTDisable
00001fa9   UARTEnable
20000218   __STACK_END
00000100   __STACK_SIZE
20000218   __STACK_TOP
00000064   __SYSMEM_SIZE
00002240   __TI_CINIT_Base
00002250   __TI_CINIT_Limit
0000222c   __TI_Handler_Table_Base
00002238   __TI_Handler_Table_Limit
00000001   __TI_args_main
00001ca1   __TI_auto_init
00001ff5   __TI_decompress_none
00002019   __TI_decompress_rle24
00000000   __TI_static_base__
00001fe3   __TI_zero_init
00001c05   __aeabi_memcpy
00001c05   __aeabi_memcpy4
00001c05   __aeabi_memcpy8
ffffffff   __binit__
ffffffff   __c_args__
20000118   __stack
00001f91   _args_main
00001e35   _c_int00
20000290   _cleanup_ptr
20000294   _dtors_ptr
20000288   _lock
00001fcb   _nop
00001fc3   _register_lock
00001fbd   _register_unlock
20000218   _sys_memory
2000028c   _unlock
00001f09   abort
ffffffff   binit
0000149d   calloc
00001e7d   copy_in
00001f11   exit
000011f3   free
00000000   g_pfnVectors
20000000   g_plRxData
00001a69   main
20000298   main_func_sp
00001191   malloc
000013c7   memalign
00001c05   memcpy
00001105   minit
000014dd   pdlibSPI_ConfigureSPIInterface
000016bb   pdlibSPI_ReceiveDataBlocking
000016db   pdlibSPI_ReceiveDataNonBlocking
00001611   pdlibSPI_SendData
0000164d   pdlibSPI_TransferByte
000012bd   realloc


GLOBAL SYMBOLS: SORTED BY Symbol Address 

address    name
--------   ----
00000000   __TI_static_base__
00000000   g_pfnVectors
00000001   __TI_args_main
00000064   __SYSMEM_SIZE
00000100   __STACK_SIZE
0000026d   NRF24L01_Init
000002e7   NRF24L01_InterruptInit
0000034f   NRF24L01_RegisterInit
00000443   NRF24L01_GetStatus
00000451   NRF24L01_SetAirDataRate
0000049f   NRF24L01_SetRFChannel
000004c1   NRF24L01_SetPAGain
00000541   NRF24L01_SetLNAGain
00000581   NRF24L01_SetARC
000005e5   NRF24L01_SetARD
00000653   NRF24L01_SetAddressWidth
0000069d   NRF24L01_PowerDown
000006cf   NRF24L01_PowerUp
000006fd   NRF24L01_FlushTX
00000711   NRF24L01_FlushRX
00000725   NRF24L01_EnableRxMode
0000075f   NRF24L01_DisableRxMode
00000767   NRF24L01_EnableTxMode
000007a5   NRF24L01_DisableTxMode
000007c1   NRF24L01_IsDataReadyRx
0000081f   NRF24L01_WaitForDataRx
00000853   NRF24L01_IsTxFifoFull
0000086f   NRF24L01_IsTxFifoEmpty
0000088b   NRF24L01_GetRxDataAmount
000008e7   NRF24L01_SetTXAddress
000008fd   NRF24L01_WaitForTxComplete
00000959   NRF24L01_GetInterruptState
00000997   NRF24L01_ClearInterruptFlag
000009f9   NRF24L01_AttemptTx
00000a49   NRF24L01_SetRxAddress
00000a8d   NRF24L01_SetRXPacketSize
00000ab1   NRF24L01_CarrierDetect
00000adf   NRF24L01_SetTxPayload
00000b1b   NRF24L01_EnableFeatureAckPL
00000bc1   NRF24L01_EnableFeatureDynPL
00000c5f   NRF24L01_EnableFeatureNoAckTx
00000cd1   NRF24L01_GetData
00000d79   NRF24L01_ReadRxPayload
00000da9   NRF24L01_SetAckPayload
00000e19   NRF24L01_GetAckDataAmount
00000e31   NRF24L01_SendData
00000e4f   NRF24L01_SubmitData
00000e8d   NRF24L01_SendDataTo
00000eaf   NRF24L01_RegisterWrite_8
00000eeb   NRF24L01_RegisterWrite_Multi
00000f3d   NRF24L01_RegisterRead_8
00000f67   NRF24L01_RegisterRead_Multi
00000fb7   NRF24L01_SendCommand
00001007   NRF24L01_SendRcvCommand
00001105   minit
00001191   malloc
000011f3   free
000012bd   realloc
000013c7   memalign
0000149d   calloc
000014dd   pdlibSPI_ConfigureSPIInterface
00001611   pdlibSPI_SendData
0000164d   pdlibSPI_TransferByte
000016bb   pdlibSPI_ReceiveDataBlocking
000016db   pdlibSPI_ReceiveDataNonBlocking
00001749   SysCtlClockGet
00001921   InitUARTDebug
00001967   PrintRegValue
00001a15   PrintString
00001a69   main
00001b3d   GPIOPadConfigSet
00001c05   __aeabi_memcpy
00001c05   __aeabi_memcpy4
00001c05   __aeabi_memcpy8
00001c05   memcpy
00001ca1   __TI_auto_init
00001d95   SysCtlPeripheralEnable
00001ded   GPIOPinConfigure
00001e35   _c_int00
00001e7d   copy_in
00001ec1   UARTConfigSetExpClk
00001f05   C$$EXIT
00001f09   abort
00001f11   exit
00001f45   GPIODirModeSet
00001f75   UARTDisable
00001f91   _args_main
00001fa9   UARTEnable
00001fbd   _register_unlock
00001fc3   _register_lock
00001fcb   _nop
00001fd1   GPIOPinTypeUART
00001fe3   __TI_zero_init
00001ff5   __TI_decompress_none
00002003   ResetISR
0000200f   UARTCharPut
00002019   __TI_decompress_rle24
0000222c   __TI_Handler_Table_Base
00002238   __TI_Handler_Table_Limit
00002240   __TI_CINIT_Base
00002250   __TI_CINIT_Limit
20000000   g_plRxData
20000118   __stack
20000218   __STACK_END
20000218   __STACK_TOP
20000218   _sys_memory
20000288   _lock
2000028c   _unlock
20000290   _cleanup_ptr
20000294   _dtors_ptr
20000298   main_func_sp
ffffffff   __binit__
ffffffff   __c_args__
ffffffff   binit
UNDEFED    SHT$$INIT_ARRAY$$Base
UNDEFED    SHT$$INIT_ARRAY$$Limit

[116 symbols]
